Archive member included to satisfy reference by file (symbol)

/home/rogerio/esp/gps_fona808/build/app_update/libapp_update.a(esp_app_desc.o)
                              (esp_app_desc)
/home/rogerio/esp/gps_fona808/build/cxx/libcxx.a(cxx_guards.o)
                              (__cxa_guard_dummy)
/home/rogerio/esp/gps_fona808/build/cxx/libcxx.a(cxx_exception_stubs.o)
                              (__cxx_fatal_exception)
/home/rogerio/esp/gps_fona808/build/esp32/libesp32.a(cpu_start.o)
                              (call_start_cpu0)
/home/rogerio/esp/gps_fona808/build/esp32/libesp32.a(clk.o)
                              /home/rogerio/esp/gps_fona808/build/esp32/libesp32.a(cpu_start.o) (esp_clk_init)
/home/rogerio/esp/gps_fona808/build/esp32/libesp32.a(panic.o)
                              /home/rogerio/esp/gps_fona808/build/cxx/libcxx.a(cxx_guards.o) (abort)
/home/rogerio/esp/gps_fona808/build/esp32/libesp32.a(esp_err_to_name.o)
                              /home/rogerio/esp/gps_fona808/build/esp32/libesp32.a(panic.o) (esp_err_to_name)
/home/rogerio/esp/gps_fona808/build/esp32/libesp32.a(crosscore_int.o)
                              /home/rogerio/esp/gps_fona808/build/esp32/libesp32.a(cpu_start.o) (esp_crosscore_int_init)
/home/rogerio/esp/gps_fona808/build/esp32/libesp32.a(intr_alloc.o)
                              /home/rogerio/esp/gps_fona808/build/esp32/libesp32.a(crosscore_int.o) (esp_intr_alloc)
/home/rogerio/esp/gps_fona808/build/esp32/libesp32.a(int_wdt.o)
                              /home/rogerio/esp/gps_fona808/build/esp32/libesp32.a(cpu_start.o) (esp_int_wdt_init)
/home/rogerio/esp/gps_fona808/build/esp32/libesp32.a(esp_timer.o)
                              /home/rogerio/esp/gps_fona808/build/esp32/libesp32.a(cpu_start.o) (esp_timer_init)
/home/rogerio/esp/gps_fona808/build/esp32/libesp32.a(dport_access.o)
                              /home/rogerio/esp/gps_fona808/build/esp32/libesp32.a(cpu_start.o) (esp_dport_access_stall_other_cpu_start)
/home/rogerio/esp/gps_fona808/build/esp32/libesp32.a(brownout.o)
                              /home/rogerio/esp/gps_fona808/build/esp32/libesp32.a(cpu_start.o) (esp_brownout_init)
/home/rogerio/esp/gps_fona808/build/esp32/libesp32.a(dport_panic_highint_hdl.o)
                              (ld_include_panic_highint_hdl)
/home/rogerio/esp/gps_fona808/build/esp32/libesp32.a(system_api.o)
                              /home/rogerio/esp/gps_fona808/build/esp32/libesp32.a(panic.o) (esp_restart_noos)
/home/rogerio/esp/gps_fona808/build/esp32/libesp32.a(task_wdt.o)
                              /home/rogerio/esp/gps_fona808/build/esp32/libesp32.a(cpu_start.o) (esp_task_wdt_init)
/home/rogerio/esp/gps_fona808/build/esp32/libesp32.a(dbg_stubs.o)
                              /home/rogerio/esp/gps_fona808/build/esp32/libesp32.a(cpu_start.o) (esp_dbg_stubs_init)
/home/rogerio/esp/gps_fona808/build/esp32/libesp32.a(cache_err_int.o)
                              /home/rogerio/esp/gps_fona808/build/esp32/libesp32.a(cpu_start.o) (esp_cache_err_int_init)
/home/rogerio/esp/gps_fona808/build/esp32/libesp32.a(esp_timer_esp32.o)
                              /home/rogerio/esp/gps_fona808/build/esp32/libesp32.a(esp_timer.o) (esp_timer_impl_get_time)
/home/rogerio/esp/gps_fona808/build/esp32/libesp32.a(freertos_hooks.o)
                              /home/rogerio/esp/gps_fona808/build/esp32/libesp32.a(task_wdt.o) (esp_register_freertos_idle_hook_for_cpu)
/home/rogerio/esp/gps_fona808/build/esp32/libesp32.a(ipc.o)
                              /home/rogerio/esp/gps_fona808/build/esp32/libesp32.a(intr_alloc.o) (esp_ipc_call_blocking)
/home/rogerio/esp/gps_fona808/build/esp32/libesp32.a(pm_esp32.o)
                              /home/rogerio/esp/gps_fona808/build/esp32/libesp32.a(freertos_hooks.o) (esp_pm_impl_waiti)
/home/rogerio/esp/gps_fona808/build/esp32/libesp32.a(pm_locks.o)
                              /home/rogerio/esp/gps_fona808/build/esp32/libesp32.a(pm_esp32.o) (esp_pm_lock_create)
/home/rogerio/esp/esp-idf/components/esp32/libhal.a(int_asm--set_intclear.o)
                              /home/rogerio/esp/gps_fona808/build/esp32/libesp32.a(intr_alloc.o) (xthal_set_intclear)
/home/rogerio/esp/gps_fona808/build/freertos/libfreertos.a(xtensa_intr.o)
                              /home/rogerio/esp/gps_fona808/build/esp32/libesp32.a(intr_alloc.o) (xt_unhandled_interrupt)
/home/rogerio/esp/gps_fona808/build/freertos/libfreertos.a(queue.o)
                              /home/rogerio/esp/gps_fona808/build/esp32/libesp32.a(ipc.o) (xQueueGenericCreate)
/home/rogerio/esp/gps_fona808/build/freertos/libfreertos.a(list.o)
                              /home/rogerio/esp/gps_fona808/build/freertos/libfreertos.a(queue.o) (vListInitialise)
/home/rogerio/esp/gps_fona808/build/freertos/libfreertos.a(xtensa_init.o)
                              /home/rogerio/esp/gps_fona808/build/esp32/libesp32.a(pm_esp32.o) (_xt_tick_divisor)
[...]
Memory Configuration

Name             Origin             Length             Attributes
iram0_0_seg      0x0000000040080000 0x0000000000020000 xr
iram0_2_seg      0x00000000400d0018 0x000000000032ffe8 xr
dram0_0_seg      0x000000003ffb0000 0x000000000002c200 rw
drom0_0_seg      0x000000003f400018 0x00000000003fffe8 r
rtc_iram_seg     0x00000000400c0000 0x0000000000002000 xrw
rtc_data_seg     0x000000003ff80000 0x0000000000002000 rw
rtc_slow_seg     0x0000000050000000 0x0000000000001000 rw
extern_ram_seg   0x000000003f800000 0x0000000000400000 xrw
*default*        0x0000000000000000 0xffffffffffffffff

Linker script and memory map

START GROUP
LOAD /home/rogerio/esp/gps_fona808/build/app_trace/libapp_trace.a
LOAD /home/rogerio/esp/gps_fona808/build/app_update/libapp_update.a
LOAD /home/rogerio/esp/gps_fona808/build/asio/libasio.a
LOAD /home/rogerio/esp/gps_fona808/build/bootloader_support/libbootloader_support.a
LOAD /home/rogerio/esp/gps_fona808/build/bt/libbt.a
LOAD /home/rogerio/esp/gps_fona808/build/coap/libcoap.a
LOAD /home/rogerio/esp/gps_fona808/build/console/libconsole.a
LOAD /home/rogerio/esp/gps_fona808/build/cxx/libcxx.a
LOAD /home/rogerio/esp/gps_fona808/build/driver/libdriver.a
LOAD /home/rogerio/esp/gps_fona808/build/esp-tls/libesp-tls.a
LOAD /home/rogerio/esp/gps_fona808/build/esp32/libesp32.a
LOAD /home/rogerio/esp/esp-idf/components/esp32/libhal.a
LOAD /home/rogerio/esp/esp-idf/components/esp32/lib/libcore.a
LOAD /home/rogerio/esp/esp-idf/components/esp32/lib/librtc.a
LOAD /home/rogerio/esp/esp-idf/components/esp32/lib/libnet80211.a
LOAD /home/rogerio/esp/esp-idf/components/esp32/lib/libpp.a
LOAD /home/rogerio/esp/esp-idf/components/esp32/lib/libwpa.a
LOAD /home/rogerio/esp/esp-idf/components/esp32/lib/libsmartconfig.a
LOAD /home/rogerio/esp/esp-idf/components/esp32/lib/libcoexist.a
LOAD /home/rogerio/esp/esp-idf/components/esp32/lib/libwps.a
LOAD /home/rogerio/esp/esp-idf/components/esp32/lib/libwpa2.a
LOAD /home/rogerio/esp/esp-idf/components/esp32/lib/libespnow.a
LOAD /home/rogerio/esp/esp-idf/components/esp32/lib/libphy.a
LOAD /home/rogerio/esp/esp-idf/components/esp32/lib/libmesh.a
LOAD /home/rogerio/esp/gps_fona808/build/esp_adc_cal/libesp_adc_cal.a
LOAD /home/rogerio/esp/gps_fona808/build/esp_event/libesp_event.a
LOAD /home/rogerio/esp/gps_fona808/build/esp_http_client/libesp_http_client.a
LOAD /home/rogerio/esp/gps_fona808/build/esp_http_server/libesp_http_server.a
LOAD /home/rogerio/esp/gps_fona808/build/esp_https_ota/libesp_https_ota.a
LOAD /home/rogerio/esp/gps_fona808/build/esp_https_server/libesp_https_server.a
LOAD /home/rogerio/esp/gps_fona808/build/esp_ringbuf/libesp_ringbuf.a
LOAD /home/rogerio/esp/gps_fona808/build/ethernet/libethernet.a
LOAD /home/rogerio/esp/gps_fona808/build/expat/libexpat.a
LOAD /home/rogerio/esp/gps_fona808/build/fatfs/libfatfs.a
LOAD /home/rogerio/esp/gps_fona808/build/freemodbus/libfreemodbus.a
LOAD /home/rogerio/esp/gps_fona808/build/freertos/libfreertos.a
LOAD /home/rogerio/esp/gps_fona808/build/heap/libheap.a
LOAD /home/rogerio/esp/gps_fona808/build/idf_test/libidf_test.a
LOAD /home/rogerio/esp/gps_fona808/build/jsmn/libjsmn.a
LOAD /home/rogerio/esp/gps_fona808/build/json/libjson.a
LOAD /home/rogerio/esp/gps_fona808/build/libsodium/liblibsodium.a
LOAD /home/rogerio/esp/gps_fona808/build/log/liblog.a
LOAD /home/rogerio/esp/gps_fona808/build/lwip/liblwip.a
LOAD /home/rogerio/esp/gps_fona808/build/main/libmain.a
LOAD /home/rogerio/esp/gps_fona808/build/mbedtls/libmbedtls.a
LOAD /home/rogerio/esp/gps_fona808/build/mdns/libmdns.a
LOAD /home/rogerio/esp/gps_fona808/build/micro-ecc/libmicro-ecc.a
LOAD /home/rogerio/esp/gps_fona808/build/mqtt/libmqtt.a
LOAD /home/rogerio/esp/esp-idf/components/newlib/lib/libc.a
LOAD /home/rogerio/esp/esp-idf/components/newlib/lib/libm.a
LOAD /home/rogerio/esp/gps_fona808/build/newlib/libnewlib.a
LOAD /home/rogerio/esp/gps_fona808/build/nghttp/libnghttp.a
LOAD /home/rogerio/esp/gps_fona808/build/nvs_flash/libnvs_flash.a
LOAD /home/rogerio/esp/gps_fona808/build/openssl/libopenssl.a
LOAD /home/rogerio/esp/gps_fona808/build/protobuf-c/libprotobuf-c.a
LOAD /home/rogerio/esp/gps_fona808/build/protocomm/libprotocomm.a
LOAD /home/rogerio/esp/gps_fona808/build/pthread/libpthread.a
LOAD /home/rogerio/esp/gps_fona808/build/sdmmc/libsdmmc.a
LOAD /home/rogerio/esp/gps_fona808/build/smartconfig_ack/libsmartconfig_ack.a
LOAD /home/rogerio/esp/gps_fona808/build/soc/libsoc.a
LOAD /home/rogerio/esp/gps_fona808/build/spi_flash/libspi_flash.a
LOAD /home/rogerio/esp/gps_fona808/build/spiffs/libspiffs.a
LOAD /home/rogerio/esp/gps_fona808/build/tcp_transport/libtcp_transport.a
LOAD /home/rogerio/esp/gps_fona808/build/tcpip_adapter/libtcpip_adapter.a
LOAD /home/rogerio/esp/gps_fona808/build/ulp/libulp.a
LOAD /home/rogerio/esp/gps_fona808/build/unity/libunity.a
LOAD /home/rogerio/esp/gps_fona808/build/vfs/libvfs.a
LOAD /home/rogerio/esp/gps_fona808/build/wear_levelling/libwear_levelling.a
LOAD /home/rogerio/esp/gps_fona808/build/wifi_provisioning/libwifi_provisioning.a
LOAD /home/rogerio/esp/gps_fona808/build/wpa_supplicant/libwpa_supplicant.a
LOAD /home/rogerio/esp/gps_fona808/build/xtensa-debug-module/libxtensa-debug-module.a
LOAD /home/rogerio/esp/crosstool-NG/builds/xtensa-esp32-elf/lib/gcc/xtensa-esp32-elf/5.2.0/libgcc.a
LOAD /home/rogerio/esp/crosstool-NG/builds/xtensa-esp32-elf/lib/gcc/xtensa-esp32-elf/5.2.0/../../../../xtensa-esp32-elf/lib/libstdc++.a
LOAD /home/rogerio/esp/crosstool-NG/builds/xtensa-esp32-elf/lib/gcc/xtensa-esp32-elf/5.2.0/libgcov.a
END GROUP
                0x0000000040000000                _heap_end = 0x40000000
                0x000000003ff80000                _data_seg_org = ORIGIN (rtc_data_seg)

.rtc.text       0x00000000400c0000        0x0
                0x00000000400c0000                . = ALIGN (0x4)
 *(.rtc.literal .rtc.text .rtc.text.*)
 *rtc_wake_stub*.*(.literal .text .literal.* .text.*)
                0x00000000400c0000                _rtc_text_end = ABSOLUTE (.)

.rtc.dummy      0x000000003ff80000        0x0
                0x000000003ff80000                _rtc_dummy_start = ABSOLUTE (.)
                0x000000003ff80000                _rtc_fast_start = ABSOLUTE (.)
                0x0000000000000000                . = SIZEOF (.rtc.text)
                0x0000000000000000                _rtc_dummy_end = ABSOLUTE (.)

.rtc.force_fast
                0x000000003ff80000        0x0
                0x000000003ff80000                . = ALIGN (0x4)
                0x000000003ff80000                _rtc_force_fast_start = ABSOLUTE (.)
 *(.rtc.force_fast .rtc.force_fast.*)
                0x000000003ff80000                . = ALIGN (0x4)
                0x000000003ff80000                _rtc_force_fast_end = ABSOLUTE (.)

.rtc.data       0x0000000050000000        0x0
                0x0000000050000000                _rtc_data_start = ABSOLUTE (.)
 *(.rtc.data .rtc.data.* .rtc.rodata .rtc.rodata.*)
 *rtc_wake_stub*.*(.data .rodata .data.* .rodata.* .bss .bss.*)
                0x0000000050000000                _rtc_data_end = ABSOLUTE (.)

.rtc.bss        0x0000000050000000        0x0
                0x0000000050000000                _rtc_bss_start = ABSOLUTE (.)
 *rtc_wake_stub*.*(.bss .bss.*)
 *rtc_wake_stub*.*(COMMON)
 *(.rtc.bss)
                0x0000000050000000                _rtc_bss_end = ABSOLUTE (.)

.rtc_noinit     0x0000000050000000        0x0
                0x0000000050000000                . = ALIGN (0x4)
                0x0000000050000000                _rtc_noinit_start = ABSOLUTE (.)
 *(.rtc_noinit .rtc_noinit.*)
                0x0000000050000000                . = ALIGN (0x4)
                0x0000000050000000                _rtc_noinit_end = ABSOLUTE (.)

.rtc.force_slow
                0x0000000050000000        0x0
                0x0000000050000000                . = ALIGN (0x4)
                0x0000000050000000                _rtc_force_slow_start = ABSOLUTE (.)
 *(.rtc.force_slow .rtc.force_slow.*)
                0x0000000050000000                . = ALIGN (0x4)
                0x0000000050000000                _rtc_force_slow_end = ABSOLUTE (.)
                0x0000000000000000                _rtc_slow_length = (ORIGIN (rtc_slow_seg) == ORIGIN (rtc_data_location))?(_rtc_force_slow_end - _rtc_data_start):(_rtc_force_slow_end - _rtc_force_slow_start)
                0x0000000000000000                _rtc_fast_length = (ORIGIN (rtc_slow_seg) == ORIGIN (rtc_data_location))?(_rtc_force_fast_end - _rtc_fast_start):(_rtc_noinit_end - _rtc_fast_start)
                0x0000000000000001                ASSERT ((_rtc_slow_length <= 0x1000), RTC_SLOW segment data does not fit.)
                0x0000000000000001                ASSERT ((_rtc_fast_length <= 0x2000), RTC_FAST segment data does not fit.)

.iram0.vectors  0x0000000040080000      0x400
                0x0000000040080000                _iram_start = ABSOLUTE (.)
                0x0000000040080000                _init_start = ABSOLUTE (.)
                0x0000000000000000                . = 0x0
 *(.WindowVectors.text)
 .WindowVectors.text
                0x0000000040080000      0x16a /home/rogerio/esp/gps_fona808/build/freertos/libfreertos.a(xtensa_vectors.o)
                0x0000000040080000                _WindowOverflow4
                0x0000000040080040                _WindowUnderflow4
                0x0000000040080050                _xt_alloca_exc
                0x0000000040080080                _WindowOverflow8
                0x00000000400800c0                _WindowUnderflow8
                0x0000000040080100                _WindowOverflow12
                0x0000000040080140                _WindowUnderflow12
                0x0000000000000180                . = 0x180
 *fill*         0x000000004008016a       0x16 
 *(.Level2InterruptVector.text)
 .Level2InterruptVector.text
                0x0000000040080180        0x6 /home/rogerio/esp/gps_fona808/build/freertos/libfreertos.a(xtensa_vectors.o)
                0x0000000040080180                _Level2Vector
                0x00000000000001c0                . = 0x1c0
 *fill*         0x0000000040080186       0x3a 
 *(.Level3InterruptVector.text)
 .Level3InterruptVector.text
                0x00000000400801c0        0x6 /home/rogerio/esp/gps_fona808/build/freertos/libfreertos.a(xtensa_vectors.o)
                0x00000000400801c0                _Level3Vector
                0x0000000000000200                . = 0x200
 *fill*         0x00000000400801c6       0x3a 
 *(.Level4InterruptVector.text)
 .Level4InterruptVector.text
                0x0000000040080200        0x6 /home/rogerio/esp/gps_fona808/build/freertos/libfreertos.a(xtensa_vectors.o)
                0x0000000040080200                _Level4Vector
                0x0000000000000240                . = 0x240
 *fill*         0x0000000040080206       0x3a 
 *(.Level5InterruptVector.text)
 .Level5InterruptVector.text
                0x0000000040080240        0x6 /home/rogerio/esp/gps_fona808/build/freertos/libfreertos.a(xtensa_vectors.o)
                0x0000000040080240                _Level5Vector
                0x0000000000000280                . = 0x280
 *fill*         0x0000000040080246       0x3a 
 *(.DebugExceptionVector.text)
 .DebugExceptionVector.text
                0x0000000040080280        0x6 /home/rogerio/esp/gps_fona808/build/freertos/libfreertos.a(xtensa_vectors.o)
                0x0000000040080280                _DebugExceptionVector
                0x00000000000002c0                . = 0x2c0
 *fill*         0x0000000040080286       0x3a 
 *(.NMIExceptionVector.text)
 .NMIExceptionVector.text
                0x00000000400802c0        0x6 /home/rogerio/esp/gps_fona808/build/freertos/libfreertos.a(xtensa_vectors.o)
                0x00000000400802c0                _NMIExceptionVector
                0x0000000000000300                . = 0x300
 *fill*         0x00000000400802c6       0x3a 
 *(.KernelExceptionVector.text)
 .KernelExceptionVector.text
                0x0000000040080300        0x6 /home/rogerio/esp/gps_fona808/build/freertos/libfreertos.a(xtensa_vectors.o)
                0x0000000040080300                _KernelExceptionVector
                0x0000000000000340                . = 0x340
 *fill*         0x0000000040080306       0x3a 
 *(.UserExceptionVector.text)
 .UserExceptionVector.text
                0x0000000040080340        0x6 /home/rogerio/esp/gps_fona808/build/freertos/libfreertos.a(xtensa_vectors.o)
                0x0000000040080340                _UserExceptionVector
                0x00000000000003c0                . = 0x3c0
 *fill*         0x0000000040080346       0x7a 
 *(.DoubleExceptionVector.text)
 .DoubleExceptionVector.text
                0x00000000400803c0        0xf /home/rogerio/esp/gps_fona808/build/freertos/libfreertos.a(xtensa_vectors.o)
                0x00000000400803c0                _DoubleExceptionVector
                0x0000000000000400                . = 0x400
 *fill*         0x00000000400803cf       0x31 
 *(.*Vector.literal)
 *(.UserEnter.literal)
 *(.UserEnter.text)
                0x0000000040080400                . = ALIGN (0x10)
 *(.entry.text)
 *(.init.literal)
 *(.init)
                0x0000000040080400                _init_end = ABSOLUTE (.)

.iram0.text     0x0000000040080400     0x873c
                0x0000000040080400                _iram_text_start = ABSOLUTE (.)
 *(.iram1 .iram1.*)
 .iram1.21.literal
                0x0000000040080400       0x40 /home/rogerio/esp/gps_fona808/build/esp32/libesp32.a(cpu_start.o)
                                         0xb8 (size before relaxing)
 .iram1.23.literal
                0x0000000040080440        0xc /home/rogerio/esp/gps_fona808/build/esp32/libesp32.a(cpu_start.o)
                                         0x2c (size before relaxing)
 .iram1.25.literal
                0x000000004008044c       0x1c /home/rogerio/esp/gps_fona808/build/esp32/libesp32.a(cpu_start.o)
                                         0x34 (size before relaxing)
 .iram1.24.literal
                0x0000000040080468       0x64 /home/rogerio/esp/gps_fona808/build/esp32/libesp32.a(cpu_start.o)
                                        0x110 (size before relaxing)
 .iram1.4.literal
                0x00000000400804cc        0x8 /home/rogerio/esp/gps_fona808/build/esp32/libesp32.a(clk.o)
 .iram1.5.literal
                0x00000000400804d4        0x0 /home/rogerio/esp/gps_fona808/build/esp32/libesp32.a(clk.o)
                                          0x8 (size before relaxing)
 .iram1.7.literal
                0x00000000400804d4        0x4 /home/rogerio/esp/gps_fona808/build/esp32/libesp32.a(clk.o)
                                          0x8 (size before relaxing)
 .iram1.17.literal
                0x00000000400804d8       0x1c /home/rogerio/esp/gps_fona808/build/esp32/libesp32.a(crosscore_int.o)
                                         0x28 (size before relaxing)
 .iram1.16.literal
                0x00000000400804f4        0x0 /home/rogerio/esp/gps_fona808/build/esp32/libesp32.a(crosscore_int.o)
                                         0x18 (size before relaxing)
 .iram1.18.literal
                0x00000000400804f4        0x0 /home/rogerio/esp/gps_fona808/build/esp32/libesp32.a(crosscore_int.o)
                                          0x4 (size before relaxing)
 .iram1.11.literal
                0x00000000400804f4        0x4 /home/rogerio/esp/gps_fona808/build/esp32/libesp32.a(intr_alloc.o)
                                          0xc (size before relaxing)
 .iram1.13.literal
                0x00000000400804f8        0x4 /home/rogerio/esp/gps_fona808/build/esp32/libesp32.a(intr_alloc.o)
                                         0x14 (size before relaxing)
 .iram1.14.literal
                0x00000000400804fc        0xc /home/rogerio/esp/gps_fona808/build/esp32/libesp32.a(intr_alloc.o)
                                         0x28 (size before relaxing)
 .iram1.15.literal
                0x0000000040080508        0xc /home/rogerio/esp/gps_fona808/build/esp32/libesp32.a(intr_alloc.o)
                                         0x10 (size before relaxing)
 .iram1.16.literal
                0x0000000040080514        0x0 /home/rogerio/esp/gps_fona808/build/esp32/libesp32.a(intr_alloc.o)
                                          0xc (size before relaxing)
 .iram1.14.literal
                0x0000000040080514        0xc /home/rogerio/esp/gps_fona808/build/esp32/libesp32.a(int_wdt.o)
 .iram1.20.literal
                0x0000000040080520        0x4 /home/rogerio/esp/gps_fona808/build/esp32/libesp32.a(esp_timer.o)
 .iram1.17.literal
                0x0000000040080524        0x4 /home/rogerio/esp/gps_fona808/build/esp32/libesp32.a(esp_timer.o)
                                          0x8 (size before relaxing)
 .iram1.18.literal
                0x0000000040080528        0x0 /home/rogerio/esp/gps_fona808/build/esp32/libesp32.a(esp_timer.o)
                                          0x8 (size before relaxing)
 .iram1.14.literal
                0x0000000040080528       0x10 /home/rogerio/esp/gps_fona808/build/esp32/libesp32.a(esp_timer.o)
                                         0x20 (size before relaxing)
 .iram1.19.literal
                0x0000000040080538        0x4 /home/rogerio/esp/gps_fona808/build/esp32/libesp32.a(esp_timer.o)
                                          0xc (size before relaxing)
 .iram1.22.literal
                0x000000004008053c        0x0 /home/rogerio/esp/gps_fona808/build/esp32/libesp32.a(esp_timer.o)
                                          0x4 (size before relaxing)
 .iram1.15.literal
                0x000000004008053c       0x28 /home/rogerio/esp/gps_fona808/build/esp32/libesp32.a(dport_access.o)
                                         0x2c (size before relaxing)
 .iram1.16.literal
                0x0000000040080564        0xc /home/rogerio/esp/gps_fona808/build/esp32/libesp32.a(dport_access.o)
                                         0x2c (size before relaxing)
 .iram1.19.literal
                0x0000000040080570        0x0 /home/rogerio/esp/gps_fona808/build/esp32/libesp32.a(dport_access.o)
                                         0x10 (size before relaxing)
 .iram1.20.literal
                0x0000000040080570        0x0 /home/rogerio/esp/gps_fona808/build/esp32/libesp32.a(dport_access.o)
                                          0x4 (size before relaxing)
 .iram1.23.literal
                0x0000000040080570        0x4 /home/rogerio/esp/gps_fona808/build/esp32/libesp32.a(dport_access.o)
 .iram1.24.literal
                0x0000000040080574        0x0 /home/rogerio/esp/gps_fona808/build/esp32/libesp32.a(dport_access.o)
                                          0x4 (size before relaxing)
 .iram1.literal
                0x0000000040080574       0x10 /home/rogerio/esp/gps_fona808/build/esp32/libesp32.a(dport_panic_highint_hdl.o)
                                         0x28 (size before relaxing)
 .iram1.22.literal
                0x0000000040080584       0x40 /home/rogerio/esp/gps_fona808/build/esp32/libesp32.a(system_api.o)
                                         0xb0 (size before relaxing)
 .iram1.13.literal
                0x00000000400805c4        0xc /home/rogerio/esp/gps_fona808/build/esp32/libesp32.a(cache_err_int.o)
                                         0x18 (size before relaxing)
 .iram1.15.literal
                0x00000000400805d0       0x40 /home/rogerio/esp/gps_fona808/build/esp32/libesp32.a(esp_timer_esp32.o)
                                         0x4c (size before relaxing)
 .iram1.13.literal
                0x0000000040080610        0x4 /home/rogerio/esp/gps_fona808/build/esp32/libesp32.a(esp_timer_esp32.o)
                                         0x20 (size before relaxing)
 .iram1.14.literal
                0x0000000040080614       0x10 /home/rogerio/esp/gps_fona808/build/esp32/libesp32.a(esp_timer_esp32.o)
                                         0x4c (size before relaxing)
 .iram1.10.literal
                0x0000000040080624        0x4 /home/rogerio/esp/gps_fona808/build/esp32/libesp32.a(freertos_hooks.o)
 .iram1.11.literal
                0x0000000040080628       0x20 /home/rogerio/esp/gps_fona808/build/esp32/libesp32.a(ipc.o)
                                         0x34 (size before relaxing)
 .iram1.11.literal
                0x0000000040080648        0x4 /home/rogerio/esp/gps_fona808/build/freertos/libfreertos.a(port.o)
 .iram1.literal
                0x000000004008064c       0x44 /home/rogerio/esp/gps_fona808/build/freertos/libfreertos.a(xtensa_vectors.o)
                                         0x68 (size before relaxing)
 .iram1.18.literal
                0x0000000040080690        0x4 /home/rogerio/esp/gps_fona808/build/heap/libheap.a(heap_caps.o)
 .iram1.11.literal
                0x0000000040080694       0x24 /home/rogerio/esp/gps_fona808/build/heap/libheap.a(heap_caps.o)
                                         0x34 (size before relaxing)
 .iram1.12.literal
                0x00000000400806b8        0x4 /home/rogerio/esp/gps_fona808/build/heap/libheap.a(heap_caps.o)
                                         0x18 (size before relaxing)
 .iram1.13.literal
                0x00000000400806bc        0xc /home/rogerio/esp/gps_fona808/build/heap/libheap.a(heap_caps.o)
                                         0x20 (size before relaxing)
 .iram1.19.literal
                0x00000000400806c8       0x10 /home/rogerio/esp/gps_fona808/build/heap/libheap.a(heap_caps.o)
                                         0x20 (size before relaxing)
 .iram1.20.literal
                0x00000000400806d8       0x10 /home/rogerio/esp/gps_fona808/build/heap/libheap.a(heap_caps.o)
                                         0x38 (size before relaxing)
 .iram1.14.literal
                0x00000000400806e8        0x0 /home/rogerio/esp/gps_fona808/build/heap/libheap.a(heap_caps.o)
                                         0x20 (size before relaxing)
 .iram1.11.literal
                0x00000000400806e8       0x20 /home/rogerio/esp/gps_fona808/build/log/liblog.a(log.o)
                                         0x34 (size before relaxing)
 .iram1.12.literal
                0x0000000040080708        0x0 /home/rogerio/esp/gps_fona808/build/log/liblog.a(log.o)
                                          0x8 (size before relaxing)
 .iram1.13.literal
                0x0000000040080708        0x4 /home/rogerio/esp/gps_fona808/build/log/liblog.a(log.o)
                                         0x14 (size before relaxing)
 .iram1.12.literal
                0x000000004008070c        0xc /home/rogerio/esp/gps_fona808/build/newlib/libnewlib.a(time.o)
                                         0x18 (size before relaxing)
 .iram1.11.literal
                0x0000000040080718        0x0 /home/rogerio/esp/gps_fona808/build/newlib/libnewlib.a(time.o)
                                          0x8 (size before relaxing)
 .iram1.0.literal
                0x0000000040080718        0x8 /home/rogerio/esp/gps_fona808/build/newlib/libnewlib.a(reent_init.o)
                                         0x10 (size before relaxing)
 .iram1.10.literal
                0x0000000040080720        0x0 /home/rogerio/esp/gps_fona808/build/newlib/libnewlib.a(syscalls.o)
                                          0x4 (size before relaxing)
 .iram1.11.literal
                0x0000000040080720        0x0 /home/rogerio/esp/gps_fona808/build/newlib/libnewlib.a(syscalls.o)
                                          0x4 (size before relaxing)
 .iram1.12.literal
                0x0000000040080720        0x0 /home/rogerio/esp/gps_fona808/build/newlib/libnewlib.a(syscalls.o)
                                          0x4 (size before relaxing)
 .iram1.13.literal
                0x0000000040080720        0x8 /home/rogerio/esp/gps_fona808/build/newlib/libnewlib.a(syscalls.o)
 .iram1.11.literal
                0x0000000040080728        0x4 /home/rogerio/esp/gps_fona808/build/newlib/libnewlib.a(locks.o)
                                         0x1c (size before relaxing)
 .iram1.15.literal
                0x000000004008072c        0xc /home/rogerio/esp/gps_fona808/build/newlib/libnewlib.a(locks.o)
                                         0x38 (size before relaxing)
 .iram1.20.literal
                0x0000000040080738        0x0 /home/rogerio/esp/gps_fona808/build/newlib/libnewlib.a(locks.o)
                                         0x18 (size before relaxing)
 .iram1.12.literal
                0x0000000040080738        0x0 /home/rogerio/esp/gps_fona808/build/newlib/libnewlib.a(locks.o)
                                          0x4 (size before relaxing)
 .iram1.13.literal
                0x0000000040080738        0x0 /home/rogerio/esp/gps_fona808/build/newlib/libnewlib.a(locks.o)
                                          0x4 (size before relaxing)
 .iram1.14.literal
                0x0000000040080738        0x4 /home/rogerio/esp/gps_fona808/build/newlib/libnewlib.a(locks.o)
                                         0x28 (size before relaxing)
 .iram1.16.literal
                0x000000004008073c        0x0 /home/rogerio/esp/gps_fona808/build/newlib/libnewlib.a(locks.o)
                                          0x4 (size before relaxing)
 .iram1.17.literal
                0x000000004008073c        0x0 /home/rogerio/esp/gps_fona808/build/newlib/libnewlib.a(locks.o)
                                          0x4 (size before relaxing)
 .iram1.18.literal
                0x000000004008073c        0x0 /home/rogerio/esp/gps_fona808/build/newlib/libnewlib.a(locks.o)
                                          0x4 (size before relaxing)
 .iram1.19.literal
                0x000000004008073c        0x0 /home/rogerio/esp/gps_fona808/build/newlib/libnewlib.a(locks.o)
                                          0x4 (size before relaxing)
 .iram1.21.literal
                0x000000004008073c        0x0 /home/rogerio/esp/gps_fona808/build/newlib/libnewlib.a(locks.o)
                                          0x4 (size before relaxing)
 .iram1.22.literal
                0x000000004008073c        0x0 /home/rogerio/esp/gps_fona808/build/newlib/libnewlib.a(locks.o)
                                          0x4 (size before relaxing)
 .iram1.0.literal
                0x000000004008073c       0x18 /home/rogerio/esp/gps_fona808/build/soc/libsoc.a(cpu_util.o)
 .iram1.1.literal
                0x0000000040080754        0x0 /home/rogerio/esp/gps_fona808/build/soc/libsoc.a(cpu_util.o)
                                         0x10 (size before relaxing)
 .iram1.2.literal
                0x0000000040080754        0x0 /home/rogerio/esp/gps_fona808/build/soc/libsoc.a(cpu_util.o)
                                          0x4 (size before relaxing)
 .iram1.3.literal
                0x0000000040080754        0x4 /home/rogerio/esp/gps_fona808/build/soc/libsoc.a(cpu_util.o)
 .iram1.28.literal
                0x0000000040080758       0x10 /home/rogerio/esp/gps_fona808/build/spi_flash/libspi_flash.a(cache_utils.o)
                                         0x20 (size before relaxing)
 .iram1.22.literal
                0x0000000040080768        0xc /home/rogerio/esp/gps_fona808/build/spi_flash/libspi_flash.a(cache_utils.o)
                                         0x20 (size before relaxing)
 .iram1.27.literal
                0x0000000040080774        0x8 /home/rogerio/esp/gps_fona808/build/spi_flash/libspi_flash.a(cache_utils.o)
                                         0x30 (size before relaxing)
 .iram1.23.literal
                0x000000004008077c       0x20 /home/rogerio/esp/gps_fona808/build/spi_flash/libspi_flash.a(cache_utils.o)
                                         0x64 (size before relaxing)
 .iram1.24.literal
                0x000000004008079c        0xc /home/rogerio/esp/gps_fona808/build/spi_flash/libspi_flash.a(cache_utils.o)
                                         0x44 (size before relaxing)
 .iram1.29.literal
                0x00000000400807a8        0x0 /home/rogerio/esp/gps_fona808/build/spi_flash/libspi_flash.a(cache_utils.o)
                                         0x10 (size before relaxing)
 .iram1.22.literal
                0x00000000400807a8        0x4 /home/rogerio/esp/gps_fona808/build/spi_flash/libspi_flash.a(flash_ops.o)
 .iram1.22.literal
                0x00000000400807ac        0x8 /home/rogerio/esp/gps_fona808/build/spi_flash/libspi_flash.a(flash_mmap.o)
 .iram1.21.literal
                0x00000000400807b4        0xc /home/rogerio/esp/gps_fona808/build/spi_flash/libspi_flash.a(flash_mmap.o)
                                         0x18 (size before relaxing)
 .iram1.27.literal
                0x00000000400807c0        0x0 /home/rogerio/esp/gps_fona808/build/spi_flash/libspi_flash.a(flash_mmap.o)
                                         0x10 (size before relaxing)
 .iram1.30.literal
                0x00000000400807c0       0x10 /home/rogerio/esp/gps_fona808/build/spi_flash/libspi_flash.a(flash_mmap.o)
                                         0x28 (size before relaxing)
 .iram1.24.literal
                0x00000000400807d0       0x30 /home/rogerio/esp/gps_fona808/build/spi_flash/libspi_flash.a(flash_mmap.o)
                                         0x88 (size before relaxing)
 .iram1.23.literal
                0x0000000040080800        0x4 /home/rogerio/esp/gps_fona808/build/spi_flash/libspi_flash.a(flash_mmap.o)
                                         0x18 (size before relaxing)
 .iram1.25.literal
                0x0000000040080804        0xc /home/rogerio/esp/gps_fona808/build/spi_flash/libspi_flash.a(flash_mmap.o)
                                         0x34 (size before relaxing)
 .literal.prvReturnItemByteBuf
                0x0000000040080810        0xc /home/rogerio/esp/gps_fona808/build/esp_ringbuf/libesp_ringbuf.a(ringbuf.o)
                                         0x1c (size before relaxing)
 .literal.prvGetItemByteBuf
                0x000000004008081c        0x4 /home/rogerio/esp/gps_fona808/build/esp_ringbuf/libesp_ringbuf.a(ringbuf.o)
                                         0x24 (size before relaxing)
 .literal.prvCheckItemFitsByteBuffer
                0x0000000040080820        0x4 /home/rogerio/esp/gps_fona808/build/esp_ringbuf/libesp_ringbuf.a(ringbuf.o)
                                         0x14 (size before relaxing)
 .literal.prvReturnItemDefault
                0x0000000040080824        0x4 /home/rogerio/esp/gps_fona808/build/esp_ringbuf/libesp_ringbuf.a(ringbuf.o)
                                         0x44 (size before relaxing)
 .literal.prvGetItemDefault
                0x0000000040080828        0x4 /home/rogerio/esp/gps_fona808/build/esp_ringbuf/libesp_ringbuf.a(ringbuf.o)
                                         0x4c (size before relaxing)
 .literal.prvCheckItemFitsDefault
                0x000000004008082c        0x4 /home/rogerio/esp/gps_fona808/build/esp_ringbuf/libesp_ringbuf.a(ringbuf.o)
                                         0x1c (size before relaxing)
 .literal.prvGetFreeSize
                0x0000000040080830        0x4 /home/rogerio/esp/gps_fona808/build/esp_ringbuf/libesp_ringbuf.a(ringbuf.o)
                                         0x14 (size before relaxing)
 .literal.prvCopyItemByteBuf
                0x0000000040080834        0x4 /home/rogerio/esp/gps_fona808/build/esp_ringbuf/libesp_ringbuf.a(ringbuf.o)
                                         0x1c (size before relaxing)
 .literal.prvCopyItemAllowSplit
                0x0000000040080838        0x4 /home/rogerio/esp/gps_fona808/build/esp_ringbuf/libesp_ringbuf.a(ringbuf.o)
                                         0x2c (size before relaxing)
 .literal.prvCopyItemNoSplit
                0x000000004008083c        0x4 /home/rogerio/esp/gps_fona808/build/esp_ringbuf/libesp_ringbuf.a(ringbuf.o)
                                         0x28 (size before relaxing)
 .literal.prvReceiveGeneric
                0x0000000040080840        0x4 /home/rogerio/esp/gps_fona808/build/esp_ringbuf/libesp_ringbuf.a(ringbuf.o)
                                         0x3c (size before relaxing)
 .literal.prvReceiveGenericFromISR
                0x0000000040080844        0x4 /home/rogerio/esp/gps_fona808/build/esp_ringbuf/libesp_ringbuf.a(ringbuf.o)
                                         0x2c (size before relaxing)
 .literal.xRingbufferCreate
                0x0000000040080848       0x38 /home/rogerio/esp/gps_fona808/build/esp_ringbuf/libesp_ringbuf.a(ringbuf.o)
                                         0x6c (size before relaxing)
 .literal.xRingbufferSend
                0x0000000040080880        0x4 /home/rogerio/esp/gps_fona808/build/esp_ringbuf/libesp_ringbuf.a(ringbuf.o)
                                         0x40 (size before relaxing)
 .literal.xRingbufferSendFromISR
                0x0000000040080884        0x4 /home/rogerio/esp/gps_fona808/build/esp_ringbuf/libesp_ringbuf.a(ringbuf.o)
                                         0x30 (size before relaxing)
 .literal.xRingbufferReceive
                0x0000000040080888        0x4 /home/rogerio/esp/gps_fona808/build/esp_ringbuf/libesp_ringbuf.a(ringbuf.o)
                                         0x18 (size before relaxing)
 .literal.xRingbufferReceiveFromISR
                0x000000004008088c        0x4 /home/rogerio/esp/gps_fona808/build/esp_ringbuf/libesp_ringbuf.a(ringbuf.o)
                                         0x18 (size before relaxing)
 .literal.vRingbufferReturnItem
                0x0000000040080890        0x4 /home/rogerio/esp/gps_fona808/build/esp_ringbuf/libesp_ringbuf.a(ringbuf.o)
                                         0x28 (size before relaxing)
 .literal.vRingbufferReturnItemFromISR
                0x0000000040080894        0x4 /home/rogerio/esp/gps_fona808/build/esp_ringbuf/libesp_ringbuf.a(ringbuf.o)
                                         0x28 (size before relaxing)
 .literal.vRingbufferDelete
                0x0000000040080898        0x4 /home/rogerio/esp/gps_fona808/build/esp_ringbuf/libesp_ringbuf.a(ringbuf.o)
                                         0x24 (size before relaxing)
 .literal.xRingbufferGetMaxItemSize
                0x000000004008089c        0x4 /home/rogerio/esp/gps_fona808/build/esp_ringbuf/libesp_ringbuf.a(ringbuf.o)
                                         0x14 (size before relaxing)
 .literal       0x00000000400808a0        0x4 /home/rogerio/esp/esp-idf/components/esp32/libhal.a(windowspill_asm.o)
 .literal.panicPutChar
                0x00000000400808a4        0x4 /home/rogerio/esp/gps_fona808/build/esp32/libesp32.a(panic.o)
                                          0x8 (size before relaxing)
 .literal.panicPutStr
                0x00000000400808a8        0x0 /home/rogerio/esp/gps_fona808/build/esp32/libesp32.a(panic.o)
                                          0x4 (size before relaxing)
 .literal.panicPutHex
                0x00000000400808a8        0x0 /home/rogerio/esp/gps_fona808/build/esp32/libesp32.a(panic.o)
                                          0x8 (size before relaxing)
 .literal.panicPutDec
                0x00000000400808a8        0x4 /home/rogerio/esp/gps_fona808/build/esp32/libesp32.a(panic.o)
                                         0x10 (size before relaxing)
 .literal.illegal_instruction_helper
                0x00000000400808ac       0x18 /home/rogerio/esp/gps_fona808/build/esp32/libesp32.a(panic.o)
                                         0x3c (size before relaxing)
 .literal.reconfigureAllWdts
                0x00000000400808c4       0x10 /home/rogerio/esp/gps_fona808/build/esp32/libesp32.a(panic.o)
                                         0x24 (size before relaxing)
 .literal.putEntry
                0x00000000400808d4       0x10 /home/rogerio/esp/gps_fona808/build/esp32/libesp32.a(panic.o)
                                         0x20 (size before relaxing)
 .literal.doBacktrace
                0x00000000400808e4       0x10 /home/rogerio/esp/gps_fona808/build/esp32/libesp32.a(panic.o)
                                         0x24 (size before relaxing)
 .literal.invoke_abort
                0x00000000400808f4        0x4 /home/rogerio/esp/gps_fona808/build/esp32/libesp32.a(panic.o)
                                          0x8 (size before relaxing)
 .literal.haltOtherCore
                0x00000000400808f8        0x0 /home/rogerio/esp/gps_fona808/build/esp32/libesp32.a(panic.o)
                                          0x4 (size before relaxing)
 .literal.commonErrorHandler_dump
                0x00000000400808f8       0x2c /home/rogerio/esp/gps_fona808/build/esp32/libesp32.a(panic.o)
                                         0x90 (size before relaxing)
 .literal.esp_panic_dig_reset
                0x0000000040080924        0x0 /home/rogerio/esp/gps_fona808/build/esp32/libesp32.a(panic.o)
                                         0x18 (size before relaxing)
 .literal.commonErrorHandler
                0x0000000040080924        0x8 /home/rogerio/esp/gps_fona808/build/esp32/libesp32.a(panic.o)
                                         0x4c (size before relaxing)
 .literal.esp_error_check_failed_print
                0x000000004008092c       0x14 /home/rogerio/esp/gps_fona808/build/esp32/libesp32.a(panic.o)
                                         0x2c (size before relaxing)
 .literal.abort
                0x0000000040080940        0x8 /home/rogerio/esp/gps_fona808/build/esp32/libesp32.a(panic.o)
                                         0x18 (size before relaxing)
 .literal.vApplicationStackOverflowHook
                0x0000000040080948        0x8 /home/rogerio/esp/gps_fona808/build/esp32/libesp32.a(panic.o)
                                         0x18 (size before relaxing)
 .literal.panicHandler
                0x0000000040080950       0x34 /home/rogerio/esp/gps_fona808/build/esp32/libesp32.a(panic.o)
                                         0xa8 (size before relaxing)
 .literal.xt_unhandled_exception
                0x0000000040080984       0x18 /home/rogerio/esp/gps_fona808/build/esp32/libesp32.a(panic.o)
                                         0x68 (size before relaxing)
 .literal._esp_error_check_failed
                0x000000004008099c        0x4 /home/rogerio/esp/gps_fona808/build/esp32/libesp32.a(panic.o)
                                          0xc (size before relaxing)
 .literal.rtc_clk_32k_enable_common
                0x00000000400809a0       0x14 /home/rogerio/esp/gps_fona808/build/soc/libsoc.a(rtc_clk.o)
 .literal.rtc_clk_bbpll_disable
                0x00000000400809b4        0xc /home/rogerio/esp/gps_fona808/build/soc/libsoc.a(rtc_clk.o)
                                         0x10 (size before relaxing)
 .literal.rtc_clk_bbpll_enable
                0x00000000400809c0        0x8 /home/rogerio/esp/gps_fona808/build/soc/libsoc.a(rtc_clk.o)
                                         0x18 (size before relaxing)
 .literal.rtc_clk_32k_enable
                0x00000000400809c8        0x4 /home/rogerio/esp/gps_fona808/build/soc/libsoc.a(rtc_clk.o)
                                          0xc (size before relaxing)
 .literal.rtc_clk_32k_enable_external
                0x00000000400809cc        0x0 /home/rogerio/esp/gps_fona808/build/soc/libsoc.a(rtc_clk.o)
                                          0x4 (size before relaxing)
 .literal.rtc_clk_8m_enable
                0x00000000400809cc        0xc /home/rogerio/esp/gps_fona808/build/soc/libsoc.a(rtc_clk.o)
                                         0x10 (size before relaxing)
 .literal.rtc_clk_slow_freq_set
                0x00000000400809d8        0x0 /home/rogerio/esp/gps_fona808/build/soc/libsoc.a(rtc_clk.o)
                                          0xc (size before relaxing)
 .literal.rtc_clk_slow_freq_get
                0x00000000400809d8        0x0 /home/rogerio/esp/gps_fona808/build/soc/libsoc.a(rtc_clk.o)
                                          0x4 (size before relaxing)
 .literal.rtc_clk_slow_freq_get_hz
                0x00000000400809d8        0xc /home/rogerio/esp/gps_fona808/build/soc/libsoc.a(rtc_clk.o)
                                         0x10 (size before relaxing)
 .literal.rtc_clk_fast_freq_set
                0x00000000400809e4        0x4 /home/rogerio/esp/gps_fona808/build/soc/libsoc.a(rtc_clk.o)
                                          0xc (size before relaxing)
 .literal.rtc_clk_bbpll_configure
                0x00000000400809e8       0x10 /home/rogerio/esp/gps_fona808/build/soc/libsoc.a(rtc_clk.o)
                                         0x3c (size before relaxing)
 .literal.rtc_clk_xtal_freq_get
                0x00000000400809f8        0x8 /home/rogerio/esp/gps_fona808/build/soc/libsoc.a(rtc_clk.o)
 .literal.rtc_clk_cpu_freq_mhz_to_config
                0x0000000040080a00        0x0 /home/rogerio/esp/gps_fona808/build/soc/libsoc.a(rtc_clk.o)
                                          0x4 (size before relaxing)
 .literal.rtc_clk_cpu_freq_get_config
                0x0000000040080a00       0x10 /home/rogerio/esp/gps_fona808/build/soc/libsoc.a(rtc_clk.o)
                                         0x34 (size before relaxing)
 .literal.rtc_clk_apb_freq_update
                0x0000000040080a10        0x4 /home/rogerio/esp/gps_fona808/build/soc/libsoc.a(rtc_clk.o)
 .literal.rtc_clk_cpu_freq_to_xtal
                0x0000000040080a14        0xc /home/rogerio/esp/gps_fona808/build/soc/libsoc.a(rtc_clk.o)
                                         0x34 (size before relaxing)
 .literal.rtc_clk_cpu_freq_set_xtal
                0x0000000040080a20        0x0 /home/rogerio/esp/gps_fona808/build/soc/libsoc.a(rtc_clk.o)
                                         0x10 (size before relaxing)
 .literal.rtc_clk_cpu_freq_to_pll_mhz
                0x0000000040080a20        0xc /home/rogerio/esp/gps_fona808/build/soc/libsoc.a(rtc_clk.o)
                                         0x3c (size before relaxing)
 .literal.rtc_clk_cpu_freq_to_8m
                0x0000000040080a2c        0x4 /home/rogerio/esp/gps_fona808/build/soc/libsoc.a(rtc_clk.o)
                                         0x2c (size before relaxing)
 .literal.rtc_clk_cpu_freq_set_config
                0x0000000040080a30        0x0 /home/rogerio/esp/gps_fona808/build/soc/libsoc.a(rtc_clk.o)
                                         0x30 (size before relaxing)
 .literal.rtc_clk_apb_freq_get
                0x0000000040080a30        0x4 /home/rogerio/esp/gps_fona808/build/soc/libsoc.a(rtc_clk.o)
                                         0x10 (size before relaxing)
 .literal.rtc_init
                0x0000000040080a34       0x7c /home/rogerio/esp/gps_fona808/build/soc/libsoc.a(rtc_init.o)
                                         0xdc (size before relaxing)
 .literal.rtc_wdt_get_protect_status
                0x0000000040080ab0        0x8 /home/rogerio/esp/gps_fona808/build/soc/libsoc.a(rtc_wdt.o)
 .literal.rtc_wdt_protect_off
                0x0000000040080ab8        0x0 /home/rogerio/esp/gps_fona808/build/soc/libsoc.a(rtc_wdt.o)
                                          0x8 (size before relaxing)
 .literal.rtc_wdt_protect_on
                0x0000000040080ab8        0x0 /home/rogerio/esp/gps_fona808/build/soc/libsoc.a(rtc_wdt.o)
                                          0x4 (size before relaxing)
 .literal.rtc_wdt_enable
                0x0000000040080ab8        0xc /home/rogerio/esp/gps_fona808/build/soc/libsoc.a(rtc_wdt.o)
                                         0x10 (size before relaxing)
 .literal.rtc_wdt_feed
                0x0000000040080ac4        0x0 /home/rogerio/esp/gps_fona808/build/soc/libsoc.a(rtc_wdt.o)
                                         0x14 (size before relaxing)
 .literal.rtc_wdt_set_time
                0x0000000040080ac4       0x14 /home/rogerio/esp/gps_fona808/build/soc/libsoc.a(rtc_wdt.o)
                                         0x20 (size before relaxing)
 .literal.rtc_wdt_set_stage
                0x0000000040080ad8        0x8 /home/rogerio/esp/gps_fona808/build/soc/libsoc.a(rtc_wdt.o)
                                         0x14 (size before relaxing)
 .literal.rtc_wdt_disable
                0x0000000040080ae0        0x0 /home/rogerio/esp/gps_fona808/build/soc/libsoc.a(rtc_wdt.o)
                                         0x2c (size before relaxing)
 .literal.rtc_wdt_set_length_of_reset_signal
                0x0000000040080ae0        0x4 /home/rogerio/esp/gps_fona808/build/soc/libsoc.a(rtc_wdt.o)
                                          0xc (size before relaxing)
 .literal.rtc_wdt_is_on
                0x0000000040080ae4        0x0 /home/rogerio/esp/gps_fona808/build/soc/libsoc.a(rtc_wdt.o)
                                          0x4 (size before relaxing)
 .literal.rtc_clk_cal_internal
                0x0000000040080ae4       0x2c /home/rogerio/esp/gps_fona808/build/soc/libsoc.a(rtc_time.o)
                                         0x68 (size before relaxing)
 .literal.rtc_clk_cal
                0x0000000040080b10        0x0 /home/rogerio/esp/gps_fona808/build/soc/libsoc.a(rtc_time.o)
                                          0xc (size before relaxing)
 .literal.rtc_time_get
                0x0000000040080b10       0x10 /home/rogerio/esp/gps_fona808/build/soc/libsoc.a(rtc_time.o)
                                         0x18 (size before relaxing)
 .literal.rtc_clk_wait_for_slow_cycle
                0x0000000040080b20        0x8 /home/rogerio/esp/gps_fona808/build/soc/libsoc.a(rtc_time.o)
                                         0x20 (size before relaxing)
 .literal.xt_unhandled_interrupt
                0x0000000040080b28        0x4 /home/rogerio/esp/gps_fona808/build/freertos/libfreertos.a(xtensa_intr.o)
                                          0x8 (size before relaxing)
 .literal.xt_set_interrupt_handler
                0x0000000040080b2c        0x8 /home/rogerio/esp/gps_fona808/build/freertos/libfreertos.a(xtensa_intr.o)
                                          0xc (size before relaxing)
 .literal.prvIsQueueFull
                0x0000000040080b34        0x0 /home/rogerio/esp/gps_fona808/build/freertos/libfreertos.a(queue.o)
                                          0x8 (size before relaxing)
 .literal.prvCopyDataToQueue
                0x0000000040080b34        0x0 /home/rogerio/esp/gps_fona808/build/freertos/libfreertos.a(queue.o)
                                          0xc (size before relaxing)
 .literal.prvNotifyQueueSetContainer
                0x0000000040080b34       0x14 /home/rogerio/esp/gps_fona808/build/freertos/libfreertos.a(queue.o)
                                         0x34 (size before relaxing)
 .literal.prvCopyDataFromQueue
                0x0000000040080b48        0x0 /home/rogerio/esp/gps_fona808/build/freertos/libfreertos.a(queue.o)
                                          0x4 (size before relaxing)
 .literal.xQueueGenericReset
                0x0000000040080b48        0x4 /home/rogerio/esp/gps_fona808/build/freertos/libfreertos.a(queue.o)
                                         0x30 (size before relaxing)
 .literal.prvInitialiseNewQueue
                0x0000000040080b4c        0x0 /home/rogerio/esp/gps_fona808/build/freertos/libfreertos.a(queue.o)
                                          0x4 (size before relaxing)
 .literal.xQueueGenericCreate
                0x0000000040080b4c        0x4 /home/rogerio/esp/gps_fona808/build/freertos/libfreertos.a(queue.o)
                                         0x1c (size before relaxing)
 .literal.xQueueGetMutexHolder
                0x0000000040080b50        0x0 /home/rogerio/esp/gps_fona808/build/freertos/libfreertos.a(queue.o)
                                          0x8 (size before relaxing)
 .literal.xQueueCreateCountingSemaphore
                0x0000000040080b50        0x4 /home/rogerio/esp/gps_fona808/build/freertos/libfreertos.a(queue.o)
                                         0x28 (size before relaxing)
 .literal.xQueueGenericSend
                0x0000000040080b54        0x4 /home/rogerio/esp/gps_fona808/build/freertos/libfreertos.a(queue.o)
                                         0x7c (size before relaxing)
 .literal.prvInitialiseMutex
                0x0000000040080b58        0x0 /home/rogerio/esp/gps_fona808/build/freertos/libfreertos.a(queue.o)
                                          0x8 (size before relaxing)
 .literal.xQueueCreateMutex
                0x0000000040080b58        0x0 /home/rogerio/esp/gps_fona808/build/freertos/libfreertos.a(queue.o)
                                          0x8 (size before relaxing)
 .literal.xQueueGiveMutexRecursive
                0x0000000040080b58        0x4 /home/rogerio/esp/gps_fona808/build/freertos/libfreertos.a(queue.o)
                                         0x1c (size before relaxing)
 .literal.xQueueGenericSendFromISR
                0x0000000040080b5c        0x4 /home/rogerio/esp/gps_fona808/build/freertos/libfreertos.a(queue.o)
                                         0x3c (size before relaxing)
 .literal.xQueueGiveFromISR
                0x0000000040080b60        0x4 /home/rogerio/esp/gps_fona808/build/freertos/libfreertos.a(queue.o)
                                         0x30 (size before relaxing)
 .literal.xQueueGenericReceive
                0x0000000040080b64        0x4 /home/rogerio/esp/gps_fona808/build/freertos/libfreertos.a(queue.o)
                                         0x78 (size before relaxing)
 .literal.xQueueTakeMutexRecursive
                0x0000000040080b68        0x4 /home/rogerio/esp/gps_fona808/build/freertos/libfreertos.a(queue.o)
                                         0x1c (size before relaxing)
 .literal.xQueueReceiveFromISR
                0x0000000040080b6c        0x4 /home/rogerio/esp/gps_fona808/build/freertos/libfreertos.a(queue.o)
                                         0x30 (size before relaxing)
 .literal.uxQueueSpacesAvailable
                0x0000000040080b70        0x4 /home/rogerio/esp/gps_fona808/build/freertos/libfreertos.a(queue.o)
                                         0x1c (size before relaxing)
 .literal.vQueueDelete
                0x0000000040080b74        0x4 /home/rogerio/esp/gps_fona808/build/freertos/libfreertos.a(queue.o)
                                         0x18 (size before relaxing)
 .literal.vQueueWaitForMessageRestricted
                0x0000000040080b78        0x0 /home/rogerio/esp/gps_fona808/build/freertos/libfreertos.a(queue.o)
                                          0xc (size before relaxing)
 .literal._xt_tick_divisor_init
                0x0000000040080b78        0x8 /home/rogerio/esp/gps_fona808/build/freertos/libfreertos.a(xtensa_init.o)
                                          0xc (size before relaxing)
 .literal.vPortTaskWrapper
                0x0000000040080b80        0x8 /home/rogerio/esp/gps_fona808/build/freertos/libfreertos.a(port.o)
                                         0x18 (size before relaxing)
 .literal.pxPortInitialiseStack
                0x0000000040080b88       0x14 /home/rogerio/esp/gps_fona808/build/freertos/libfreertos.a(port.o)
                                         0x1c (size before relaxing)
 .literal.xPortStartScheduler
                0x0000000040080b9c        0x0 /home/rogerio/esp/gps_fona808/build/freertos/libfreertos.a(port.o)
                                         0x14 (size before relaxing)
 .literal.xPortSysTickHandler
                0x0000000040080b9c        0x0 /home/rogerio/esp/gps_fona808/build/freertos/libfreertos.a(port.o)
                                          0x8 (size before relaxing)
 .literal.vPortYieldOtherCore
                0x0000000040080b9c        0x0 /home/rogerio/esp/gps_fona808/build/freertos/libfreertos.a(port.o)
                                          0x4 (size before relaxing)
 .literal.vPortReleaseTaskMPUSettings
                0x0000000040080b9c        0x0 /home/rogerio/esp/gps_fona808/build/freertos/libfreertos.a(port.o)
                                          0x4 (size before relaxing)
 .literal.xPortInIsrContext
                0x0000000040080b9c        0x0 /home/rogerio/esp/gps_fona808/build/freertos/libfreertos.a(port.o)
                                          0x8 (size before relaxing)
 .literal.vPortCPUInitializeMutex
                0x0000000040080b9c        0x4 /home/rogerio/esp/gps_fona808/build/freertos/libfreertos.a(port.o)
 .literal.vPortCPUAcquireMutex
                0x0000000040080ba0       0x1c /home/rogerio/esp/gps_fona808/build/freertos/libfreertos.a(port.o)
                                         0x30 (size before relaxing)
 .literal.vPortCPUReleaseMutex
                0x0000000040080bbc        0xc /home/rogerio/esp/gps_fona808/build/freertos/libfreertos.a(port.o)
                                         0x20 (size before relaxing)
 .literal.prvResetNextTaskUnblockTime
                0x0000000040080bc8        0x8 /home/rogerio/esp/gps_fona808/build/freertos/libfreertos.a(tasks.o)
 .literal.prvDeleteTLS
                0x0000000040080bd0       0x10 /home/rogerio/esp/gps_fona808/build/freertos/libfreertos.a(tasks.o)
                                         0x18 (size before relaxing)
 .literal.prvInitialiseNewTask
                0x0000000040080be0        0x0 /home/rogerio/esp/gps_fona808/build/freertos/libfreertos.a(tasks.o)
                                         0x18 (size before relaxing)
 .literal.prvInitialiseTaskLists
                0x0000000040080be0       0x20 /home/rogerio/esp/gps_fona808/build/freertos/libfreertos.a(tasks.o)
                                         0x40 (size before relaxing)
 .literal.prvDeleteTCB
                0x0000000040080c00        0x8 /home/rogerio/esp/gps_fona808/build/freertos/libfreertos.a(tasks.o)
                                         0x2c (size before relaxing)
 .literal.prvAddCurrentTaskToDelayedList
                0x0000000040080c08        0x4 /home/rogerio/esp/gps_fona808/build/freertos/libfreertos.a(tasks.o)
                                         0x1c (size before relaxing)
 .literal.taskYIELD_OTHER_CORE
                0x0000000040080c0c        0x0 /home/rogerio/esp/gps_fona808/build/freertos/libfreertos.a(tasks.o)
                                         0x10 (size before relaxing)
 .literal.vTaskSuspendAll
                0x0000000040080c0c        0x4 /home/rogerio/esp/gps_fona808/build/freertos/libfreertos.a(tasks.o)
                                          0x8 (size before relaxing)
 .literal.xTaskGetTickCount
                0x0000000040080c10        0x0 /home/rogerio/esp/gps_fona808/build/freertos/libfreertos.a(tasks.o)
                                          0x4 (size before relaxing)
 .literal.xTaskGetIdleTaskHandleForCPU
                0x0000000040080c10        0xc /home/rogerio/esp/gps_fona808/build/freertos/libfreertos.a(tasks.o)
                                         0x1c (size before relaxing)
 .literal.vTaskSwitchContext
                0x0000000040080c1c       0x18 /home/rogerio/esp/gps_fona808/build/freertos/libfreertos.a(tasks.o)
                                         0x3c (size before relaxing)
 .literal.vTaskSetTimeOutState
                0x0000000040080c34        0xc /home/rogerio/esp/gps_fona808/build/freertos/libfreertos.a(tasks.o)
                                         0x20 (size before relaxing)
 .literal.xTaskGetCurrentTaskHandle
                0x0000000040080c40        0x0 /home/rogerio/esp/gps_fona808/build/freertos/libfreertos.a(tasks.o)
                                          0x8 (size before relaxing)
 .literal.__getreent
                0x0000000040080c40        0x0 /home/rogerio/esp/gps_fona808/build/freertos/libfreertos.a(tasks.o)
                                          0x8 (size before relaxing)
 .literal.pcTaskGetTaskName
                0x0000000040080c40        0x8 /home/rogerio/esp/gps_fona808/build/freertos/libfreertos.a(tasks.o)
                                         0x1c (size before relaxing)
 .literal.xTaskGetAffinity
                0x0000000040080c48        0x0 /home/rogerio/esp/gps_fona808/build/freertos/libfreertos.a(tasks.o)
                                          0x4 (size before relaxing)
 .literal.xTaskGetCurrentTaskHandleForCPU
                0x0000000040080c48        0x0 /home/rogerio/esp/gps_fona808/build/freertos/libfreertos.a(tasks.o)
                                          0x4 (size before relaxing)
 .literal.xTaskGetSchedulerState
                0x0000000040080c48        0x4 /home/rogerio/esp/gps_fona808/build/freertos/libfreertos.a(tasks.o)
                                          0xc (size before relaxing)
 .literal.vTaskEnterCritical
                0x0000000040080c4c       0x14 /home/rogerio/esp/gps_fona808/build/freertos/libfreertos.a(tasks.o)
                                         0x34 (size before relaxing)
 .literal.vTaskExitCritical
                0x0000000040080c60        0xc /home/rogerio/esp/gps_fona808/build/freertos/libfreertos.a(tasks.o)
                                         0x28 (size before relaxing)
 .literal.prvAddNewTaskToReadyList
                0x0000000040080c6c       0x10 /home/rogerio/esp/gps_fona808/build/freertos/libfreertos.a(tasks.o)
                                         0x58 (size before relaxing)
 .literal.xTaskCreatePinnedToCore
                0x0000000040080c7c        0x0 /home/rogerio/esp/gps_fona808/build/freertos/libfreertos.a(tasks.o)
                                         0x18 (size before relaxing)
 .literal.vTaskStartScheduler
                0x0000000040080c7c       0x10 /home/rogerio/esp/gps_fona808/build/freertos/libfreertos.a(tasks.o)
                                         0x3c (size before relaxing)
 .literal.vTaskDelete
                0x0000000040080c8c        0x8 /home/rogerio/esp/gps_fona808/build/freertos/libfreertos.a(tasks.o)
                                         0x60 (size before relaxing)
 .literal.vTaskDelay
                0x0000000040080c94        0x4 /home/rogerio/esp/gps_fona808/build/freertos/libfreertos.a(tasks.o)
                                         0x38 (size before relaxing)
 .literal.uxTaskPriorityGet
                0x0000000040080c98        0x0 /home/rogerio/esp/gps_fona808/build/freertos/libfreertos.a(tasks.o)
                                         0x10 (size before relaxing)
 .literal.vTaskPrioritySet
                0x0000000040080c98        0x4 /home/rogerio/esp/gps_fona808/build/freertos/libfreertos.a(tasks.o)
                                         0x44 (size before relaxing)
 .literal.prvCheckTasksWaitingTermination
                0x0000000040080c9c        0x8 /home/rogerio/esp/gps_fona808/build/freertos/libfreertos.a(tasks.o)
                                         0x30 (size before relaxing)
 .literal.prvIdleTask
                0x0000000040080ca4        0x0 /home/rogerio/esp/gps_fona808/build/freertos/libfreertos.a(tasks.o)
                                          0x8 (size before relaxing)
 .literal.xTaskIncrementTick
                0x0000000040080ca4        0xc /home/rogerio/esp/gps_fona808/build/freertos/libfreertos.a(tasks.o)
                                         0x6c (size before relaxing)
 .literal.xTaskResumeAll
                0x0000000040080cb0        0x8 /home/rogerio/esp/gps_fona808/build/freertos/libfreertos.a(tasks.o)
                                         0x5c (size before relaxing)
 .literal.vTaskPlaceOnEventList
                0x0000000040080cb8        0x8 /home/rogerio/esp/gps_fona808/build/freertos/libfreertos.a(tasks.o)
                                         0x40 (size before relaxing)
 .literal.vTaskPlaceOnEventListRestricted
                0x0000000040080cc0        0x8 /home/rogerio/esp/gps_fona808/build/freertos/libfreertos.a(tasks.o)
                                         0x38 (size before relaxing)
 .literal.xTaskRemoveFromEventList
                0x0000000040080cc8        0x8 /home/rogerio/esp/gps_fona808/build/freertos/libfreertos.a(tasks.o)
                                         0x58 (size before relaxing)
 .literal.xTaskCheckForTimeOut
                0x0000000040080cd0        0xc /home/rogerio/esp/gps_fona808/build/freertos/libfreertos.a(tasks.o)
                                         0x3c (size before relaxing)
 .literal.vTaskPriorityInherit
                0x0000000040080cdc        0x0 /home/rogerio/esp/gps_fona808/build/freertos/libfreertos.a(tasks.o)
                                         0x28 (size before relaxing)
 .literal.xTaskPriorityDisinherit
                0x0000000040080cdc        0x8 /home/rogerio/esp/gps_fona808/build/freertos/libfreertos.a(tasks.o)
                                         0x3c (size before relaxing)
 .literal.pvTaskIncrementMutexHeldCount
                0x0000000040080ce4        0x0 /home/rogerio/esp/gps_fona808/build/freertos/libfreertos.a(tasks.o)
                                         0x10 (size before relaxing)
 .literal.prvGetNextExpireTime
                0x0000000040080ce4        0x4 /home/rogerio/esp/gps_fona808/build/freertos/libfreertos.a(timers.o)
 .literal.prvInsertTimerInActiveList
                0x0000000040080ce8        0x4 /home/rogerio/esp/gps_fona808/build/freertos/libfreertos.a(timers.o)
                                         0x10 (size before relaxing)
 .literal.prvCheckForValidListAndQueue
                0x0000000040080cec       0x1c /home/rogerio/esp/gps_fona808/build/freertos/libfreertos.a(timers.o)
                                         0x44 (size before relaxing)
 .literal.xTimerCreateTimerTask
                0x0000000040080d08        0xc /home/rogerio/esp/gps_fona808/build/freertos/libfreertos.a(timers.o)
                                         0x2c (size before relaxing)
 .literal.xTimerGenericCommand
                0x0000000040080d14        0x0 /home/rogerio/esp/gps_fona808/build/freertos/libfreertos.a(timers.o)
                                         0x14 (size before relaxing)
 .literal.prvSwitchTimerLists
                0x0000000040080d14        0x4 /home/rogerio/esp/gps_fona808/build/freertos/libfreertos.a(timers.o)
                                         0x28 (size before relaxing)
 .literal.prvSampleTimeNow
                0x0000000040080d18        0x4 /home/rogerio/esp/gps_fona808/build/freertos/libfreertos.a(timers.o)
                                          0xc (size before relaxing)
 .literal.prvProcessExpiredTimer
                0x0000000040080d1c        0x4 /home/rogerio/esp/gps_fona808/build/freertos/libfreertos.a(timers.o)
                                         0x24 (size before relaxing)
 .literal.prvProcessTimerOrBlockTask
                0x0000000040080d20        0x0 /home/rogerio/esp/gps_fona808/build/freertos/libfreertos.a(timers.o)
                                         0x24 (size before relaxing)
 .literal.prvProcessReceivedCommands
                0x0000000040080d20        0x8 /home/rogerio/esp/gps_fona808/build/freertos/libfreertos.a(timers.o)
                                         0x40 (size before relaxing)
 .literal.prvTimerTask
                0x0000000040080d28        0x0 /home/rogerio/esp/gps_fona808/build/freertos/libfreertos.a(timers.o)
                                          0xc (size before relaxing)
 .literal       0x0000000040080d28        0x0 /home/rogerio/esp/gps_fona808/build/freertos/libfreertos.a(xtensa_context.o)
                                         0x10 (size before relaxing)
 .literal       0x0000000040080d28        0x8 /home/rogerio/esp/gps_fona808/build/freertos/libfreertos.a(portasm.o)
                                         0x54 (size before relaxing)
 .literal.get_prev_free_block
                0x0000000040080d30       0x10 /home/rogerio/esp/gps_fona808/build/heap/libheap.a(multi_heap.o)
                                         0x28 (size before relaxing)
 .literal.split_if_necessary
                0x0000000040080d40       0x10 /home/rogerio/esp/gps_fona808/build/heap/libheap.a(multi_heap.o)
                                         0x50 (size before relaxing)
 .literal.assert_valid_block
                0x0000000040080d50        0x0 /home/rogerio/esp/gps_fona808/build/heap/libheap.a(multi_heap.o)
                                         0x2c (size before relaxing)
 .literal.merge_adjacent
                0x0000000040080d50        0x8 /home/rogerio/esp/gps_fona808/build/heap/libheap.a(multi_heap.o)
                                         0x4c (size before relaxing)
 .literal.multi_heap_get_allocated_size_impl
                0x0000000040080d58        0x0 /home/rogerio/esp/gps_fona808/build/heap/libheap.a(multi_heap.o)
                                         0x10 (size before relaxing)
 .literal.multi_heap_malloc_impl
                0x0000000040080d58        0x0 /home/rogerio/esp/gps_fona808/build/heap/libheap.a(multi_heap.o)
                                         0x28 (size before relaxing)
 .literal.multi_heap_free_impl
                0x0000000040080d58        0x0 /home/rogerio/esp/gps_fona808/build/heap/libheap.a(multi_heap.o)
                                         0x50 (size before relaxing)
 .literal.multi_heap_realloc_impl
                0x0000000040080d58        0xc /home/rogerio/esp/gps_fona808/build/heap/libheap.a(multi_heap.o)
                                         0x68 (size before relaxing)
 .literal       0x0000000040080d64       0x10 /home/rogerio/esp/esp-idf/components/newlib/lib/libm.a(lib_a-s_fpclassify.o)
                                         0x18 (size before relaxing)
 .literal       0x0000000040080d74        0x4 /home/rogerio/esp/esp-idf/components/newlib/lib/libc.a(lib_a-sf_nan.o)
 .iram1.21      0x0000000040080d78       0xc9 /home/rogerio/esp/gps_fona808/build/esp32/libesp32.a(cpu_start.o)
                                        0x125 (size before relaxing)
                0x0000000040080d78                start_cpu0
                0x0000000040080d78                start_cpu0_default
 *fill*         0x0000000040080e41        0x3 
 .iram1.23      0x0000000040080e44       0x32 /home/rogerio/esp/gps_fona808/build/esp32/libesp32.a(cpu_start.o)
                                         0x46 (size before relaxing)
                0x0000000040080e44                start_cpu1_default
                0x0000000040080e44                start_cpu1
 *fill*         0x0000000040080e76        0x2 
 .iram1.25      0x0000000040080e78       0x4c /home/rogerio/esp/gps_fona808/build/esp32/libesp32.a(cpu_start.o)
                                         0x58 (size before relaxing)
 .iram1.24      0x0000000040080ec4      0x1b6 /home/rogerio/esp/gps_fona808/build/esp32/libesp32.a(cpu_start.o)
                                        0x212 (size before relaxing)
                0x0000000040080ec4                call_start_cpu0
 *fill*         0x000000004008107a        0x2 
 .iram1.4       0x000000004008107c       0x10 /home/rogerio/esp/gps_fona808/build/esp32/libesp32.a(clk.o)
                0x000000004008107c                esp_clk_cpu_freq
 .iram1.5       0x000000004008108c       0x15 /home/rogerio/esp/gps_fona808/build/esp32/libesp32.a(clk.o)
                0x000000004008108c                esp_clk_apb_freq
 *fill*         0x00000000400810a1        0x3 
 .iram1.7       0x00000000400810a4        0xf /home/rogerio/esp/gps_fona808/build/esp32/libesp32.a(clk.o)
                0x00000000400810a4                ets_update_cpu_frequency
 *fill*         0x00000000400810b3        0x1 
 .iram1.17      0x00000000400810b4       0x52 /home/rogerio/esp/gps_fona808/build/esp32/libesp32.a(crosscore_int.o)
                                         0x5a (size before relaxing)
 *fill*         0x0000000040081106        0x2 
 .iram1.16      0x0000000040081108       0x44 /home/rogerio/esp/gps_fona808/build/esp32/libesp32.a(crosscore_int.o)
                                         0x4c (size before relaxing)
 .iram1.18      0x000000004008114c        0xf /home/rogerio/esp/gps_fona808/build/esp32/libesp32.a(crosscore_int.o)
                0x000000004008114c                esp_crosscore_int_send_yield
 *fill*         0x000000004008115b        0x1 
 .iram1.11      0x000000004008115c       0x39 /home/rogerio/esp/gps_fona808/build/esp32/libesp32.a(intr_alloc.o)
                                         0x3c (size before relaxing)
 *fill*         0x0000000040081195        0x3 
 .iram1.13      0x0000000040081198       0x85 /home/rogerio/esp/gps_fona808/build/esp32/libesp32.a(intr_alloc.o)
                                         0x89 (size before relaxing)
                0x0000000040081198                esp_intr_enable
 *fill*         0x000000004008121d        0x3 
 .iram1.14      0x0000000040081220       0xc5 /home/rogerio/esp/gps_fona808/build/esp32/libesp32.a(intr_alloc.o)
                                         0xcd (size before relaxing)
                0x0000000040081220                esp_intr_disable
 *fill*         0x00000000400812e5        0x3 
 .iram1.15      0x00000000400812e8       0x4c /home/rogerio/esp/gps_fona808/build/esp32/libesp32.a(intr_alloc.o)
                                         0x50 (size before relaxing)
                0x00000000400812e8                esp_intr_noniram_disable
 .iram1.16      0x0000000040081334       0x3e /home/rogerio/esp/gps_fona808/build/esp32/libesp32.a(intr_alloc.o)
                0x0000000040081334                esp_intr_noniram_enable
 *fill*         0x0000000040081372        0x2 
 .iram1.14      0x0000000040081374       0x53 /home/rogerio/esp/gps_fona808/build/esp32/libesp32.a(int_wdt.o)
 *fill*         0x00000000400813c7        0x1 
 .iram1.20      0x00000000400813c8       0x11 /home/rogerio/esp/gps_fona808/build/esp32/libesp32.a(esp_timer.o)
 *fill*         0x00000000400813d9        0x3 
 .iram1.17      0x00000000400813dc        0xb /home/rogerio/esp/gps_fona808/build/esp32/libesp32.a(esp_timer.o)
                                          0xe (size before relaxing)
 *fill*         0x00000000400813e7        0x1 
 .iram1.18      0x00000000400813e8        0xb /home/rogerio/esp/gps_fona808/build/esp32/libesp32.a(esp_timer.o)
                                          0xe (size before relaxing)
 *fill*         0x00000000400813f3        0x1 
 .iram1.14      0x00000000400813f4       0x97 /home/rogerio/esp/gps_fona808/build/esp32/libesp32.a(esp_timer.o)
                                         0x9e (size before relaxing)
 *fill*         0x000000004008148b        0x1 
 .iram1.19      0x000000004008148c       0x1c /home/rogerio/esp/gps_fona808/build/esp32/libesp32.a(esp_timer.o)
                                         0x20 (size before relaxing)
 .iram1.22      0x00000000400814a8        0xf /home/rogerio/esp/gps_fona808/build/esp32/libesp32.a(esp_timer.o)
                0x00000000400814a8                esp_timer_get_time
 *fill*         0x00000000400814b7        0x1 
 .iram1.15      0x00000000400814b8       0xb0 /home/rogerio/esp/gps_fona808/build/esp32/libesp32.a(dport_access.o)
                0x00000000400814b8                esp_dport_access_stall_other_cpu_start
 .iram1.16      0x0000000040081568       0x7c /home/rogerio/esp/gps_fona808/build/esp32/libesp32.a(dport_access.o)
                                         0x80 (size before relaxing)
                0x0000000040081568                esp_dport_access_stall_other_cpu_end
 .iram1.19      0x00000000400815e4       0x23 /home/rogerio/esp/gps_fona808/build/esp32/libesp32.a(dport_access.o)
                                         0x27 (size before relaxing)
                0x00000000400815e4                esp_dport_access_int_pause
 *fill*         0x0000000040081607        0x1 
 .iram1.20      0x0000000040081608       0x14 /home/rogerio/esp/gps_fona808/build/esp32/libesp32.a(dport_access.o)
                0x0000000040081608                esp_dport_access_int_abort
 .iram1.23      0x000000004008161c       0x15 /home/rogerio/esp/gps_fona808/build/esp32/libesp32.a(dport_access.o)
                0x000000004008161c                esp_dport_access_reg_read
 *fill*         0x0000000040081631        0x3 
 .iram1.24      0x0000000040081634        0xc /home/rogerio/esp/gps_fona808/build/esp32/libesp32.a(dport_access.o)
                0x0000000040081634                esp_dport_access_sequence_reg_read
 .iram1         0x0000000040081640       0xda /home/rogerio/esp/gps_fona808/build/esp32/libesp32.a(dport_panic_highint_hdl.o)
                0x0000000040081640                xt_highint4
                0x000000004008171a                ld_include_panic_highint_hdl
 *fill*         0x000000004008171a        0x2 
 .iram1.22      0x000000004008171c      0x173 /home/rogerio/esp/gps_fona808/build/esp32/libesp32.a(system_api.o)
                                        0x1bf (size before relaxing)
                0x000000004008171c                esp_restart_noos
 *fill*         0x000000004008188f        0x1 
 .iram1.13      0x0000000040081890       0x2c /home/rogerio/esp/gps_fona808/build/esp32/libesp32.a(cache_err_int.o)
                                         0x34 (size before relaxing)
                0x0000000040081890                esp_cache_err_get_cpuid
 .iram1.15      0x00000000400818bc      0x122 /home/rogerio/esp/gps_fona808/build/esp32/libesp32.a(esp_timer_esp32.o)
                                        0x126 (size before relaxing)
 *fill*         0x00000000400819de        0x2 
 .iram1.13      0x00000000400819e0      0x16e /home/rogerio/esp/gps_fona808/build/esp32/libesp32.a(esp_timer_esp32.o)
                0x00000000400819e0                esp_timer_impl_get_time
 *fill*         0x0000000040081b4e        0x2 
 .iram1.14      0x0000000040081b50      0x148 /home/rogerio/esp/gps_fona808/build/esp32/libesp32.a(esp_timer_esp32.o)
                                        0x14b (size before relaxing)
                0x0000000040081b50                esp_timer_impl_set_alarm
 *fill*         0x0000000040081c98        0x0 
 .iram1.10      0x0000000040081c98       0x27 /home/rogerio/esp/gps_fona808/build/esp32/libesp32.a(freertos_hooks.o)
                0x0000000040081c98                esp_vApplicationTickHook
 *fill*         0x0000000040081cbf        0x1 
 .iram1.11      0x0000000040081cc0       0x7f /home/rogerio/esp/gps_fona808/build/esp32/libesp32.a(ipc.o)
                                         0x8b (size before relaxing)
 *fill*         0x0000000040081d3f        0x1 
 .iram1.11      0x0000000040081d40       0x1a /home/rogerio/esp/gps_fona808/build/freertos/libfreertos.a(port.o)
                0x0000000040081d40                xPortInterruptedFromISRContext
 *fill*         0x0000000040081d5a        0x2 
 .iram1         0x0000000040081d5c      0x4b4 /home/rogerio/esp/gps_fona808/build/freertos/libfreertos.a(xtensa_vectors.o)
                0x0000000040081d5c                _xt_panic
                0x0000000040081e74                _xt_user_exit
                0x0000000040082160                _xt_medint2_exit
                0x00000000400821fc                _xt_medint3_exit
 .iram1.18      0x0000000040082210       0x28 /home/rogerio/esp/gps_fona808/build/heap/libheap.a(heap_caps.o)
 .iram1.11      0x0000000040082238       0x65 /home/rogerio/esp/gps_fona808/build/heap/libheap.a(heap_caps.o)
                                         0x74 (size before relaxing)
 *fill*         0x000000004008229d        0x3 
 .iram1.12      0x00000000400822a0       0xa4 /home/rogerio/esp/gps_fona808/build/heap/libheap.a(heap_caps.o)
                                         0xa8 (size before relaxing)
                0x00000000400822a0                heap_caps_malloc
 .iram1.13      0x0000000040082344       0x49 /home/rogerio/esp/gps_fona808/build/heap/libheap.a(heap_caps.o)
                                         0x4d (size before relaxing)
                0x0000000040082344                heap_caps_malloc_default
 *fill*         0x000000004008238d        0x3 
 .iram1.19      0x0000000040082390       0x37 /home/rogerio/esp/gps_fona808/build/heap/libheap.a(heap_caps.o)
                                         0x3e (size before relaxing)
                0x0000000040082390                heap_caps_free
 *fill*         0x00000000400823c7        0x1 
 .iram1.20      0x00000000400823c8       0xad /home/rogerio/esp/gps_fona808/build/heap/libheap.a(heap_caps.o)
                                         0xc1 (size before relaxing)
                0x00000000400823c8                heap_caps_realloc
 *fill*         0x0000000040082475        0x3 
 .iram1.14      0x0000000040082478       0x59 /home/rogerio/esp/gps_fona808/build/heap/libheap.a(heap_caps.o)
                                         0x61 (size before relaxing)
                0x0000000040082478                heap_caps_realloc_default
 *fill*         0x00000000400824d1        0x3 
 .iram1.11      0x00000000400824d4      0x12e /home/rogerio/esp/gps_fona808/build/log/liblog.a(log.o)
                                        0x136 (size before relaxing)
                0x00000000400824d4                esp_log_write
 *fill*         0x0000000040082602        0x2 
 .iram1.12      0x0000000040082604       0x1c /home/rogerio/esp/gps_fona808/build/log/liblog.a(log.o)
                                         0x1f (size before relaxing)
                0x0000000040082604                esp_log_early_timestamp
 *fill*         0x0000000040082620        0x0 
 .iram1.13      0x0000000040082620       0x3f /home/rogerio/esp/gps_fona808/build/log/liblog.a(log.o)
                                         0x47 (size before relaxing)
                0x0000000040082620                esp_log_timestamp
 *fill*         0x000000004008265f        0x1 
 .iram1.12      0x0000000040082660       0x46 /home/rogerio/esp/gps_fona808/build/newlib/libnewlib.a(time.o)
                                         0x4a (size before relaxing)
                0x0000000040082660                _gettimeofday_r
 *fill*         0x00000000400826a6        0x2 
 .iram1.11      0x00000000400826a8       0x28 /home/rogerio/esp/gps_fona808/build/newlib/libnewlib.a(time.o)
                                         0x2c (size before relaxing)
                0x00000000400826a8                _times_r
 .iram1.0       0x00000000400826d0       0x3c /home/rogerio/esp/gps_fona808/build/newlib/libnewlib.a(reent_init.o)
                0x00000000400826d0                esp_reent_init
 .iram1.10      0x000000004008270c        0xc /home/rogerio/esp/gps_fona808/build/newlib/libnewlib.a(syscalls.o)
                                         0x10 (size before relaxing)
                0x000000004008270c                _malloc_r
 .iram1.11      0x0000000040082718        0xa /home/rogerio/esp/gps_fona808/build/newlib/libnewlib.a(syscalls.o)
                                          0xe (size before relaxing)
                0x0000000040082718                _free_r
 *fill*         0x0000000040082722        0x2 
 .iram1.12      0x0000000040082724       0x11 /home/rogerio/esp/gps_fona808/build/newlib/libnewlib.a(syscalls.o)
                0x0000000040082724                _realloc_r
 *fill*         0x0000000040082735        0x3 
 .iram1.13      0x0000000040082738       0x2c /home/rogerio/esp/gps_fona808/build/newlib/libnewlib.a(syscalls.o)
                0x0000000040082738                _calloc_r
 .iram1.11      0x0000000040082764       0x34 /home/rogerio/esp/gps_fona808/build/newlib/libnewlib.a(locks.o)
                                         0x43 (size before relaxing)
 *fill*         0x0000000040082798        0x0 
 .iram1.15      0x0000000040082798       0x98 /home/rogerio/esp/gps_fona808/build/newlib/libnewlib.a(locks.o)
                                         0xb4 (size before relaxing)
 .iram1.20      0x0000000040082830       0x4a /home/rogerio/esp/gps_fona808/build/newlib/libnewlib.a(locks.o)
                                         0x56 (size before relaxing)
 *fill*         0x000000004008287a        0x2 
 .iram1.12      0x000000004008287c       0x13 /home/rogerio/esp/gps_fona808/build/newlib/libnewlib.a(locks.o)
                0x000000004008287c                _lock_init
 *fill*         0x000000004008288f        0x1 
 .iram1.13      0x0000000040082890       0x13 /home/rogerio/esp/gps_fona808/build/newlib/libnewlib.a(locks.o)
                0x0000000040082890                _lock_init_recursive
 *fill*         0x00000000400828a3        0x1 
 .iram1.14      0x00000000400828a4       0x3b /home/rogerio/esp/gps_fona808/build/newlib/libnewlib.a(locks.o)
                                         0x4b (size before relaxing)
                0x00000000400828a4                _lock_close_recursive
                0x00000000400828a4                _lock_close
 *fill*         0x00000000400828df        0x1 
 .iram1.16      0x00000000400828e0        0xe /home/rogerio/esp/gps_fona808/build/newlib/libnewlib.a(locks.o)
                                         0x12 (size before relaxing)
                0x00000000400828e0                _lock_acquire
 *fill*         0x00000000400828ee        0x2 
 .iram1.17      0x00000000400828f0        0xe /home/rogerio/esp/gps_fona808/build/newlib/libnewlib.a(locks.o)
                                         0x12 (size before relaxing)
                0x00000000400828f0                _lock_acquire_recursive
 *fill*         0x00000000400828fe        0x2 
 .iram1.18      0x0000000040082900       0x10 /home/rogerio/esp/gps_fona808/build/newlib/libnewlib.a(locks.o)
                                         0x14 (size before relaxing)
                0x0000000040082900                _lock_try_acquire
 .iram1.19      0x0000000040082910       0x10 /home/rogerio/esp/gps_fona808/build/newlib/libnewlib.a(locks.o)
                                         0x14 (size before relaxing)
                0x0000000040082910                _lock_try_acquire_recursive
 .iram1.21      0x0000000040082920        0xf /home/rogerio/esp/gps_fona808/build/newlib/libnewlib.a(locks.o)
                0x0000000040082920                _lock_release
 *fill*         0x000000004008292f        0x1 
 .iram1.22      0x0000000040082930        0xf /home/rogerio/esp/gps_fona808/build/newlib/libnewlib.a(locks.o)
                0x0000000040082930                _lock_release_recursive
 *fill*         0x000000004008293f        0x1 
 .iram1.0       0x0000000040082940       0x92 /home/rogerio/esp/gps_fona808/build/soc/libsoc.a(cpu_util.o)
                0x0000000040082940                esp_cpu_stall
 *fill*         0x00000000400829d2        0x2 
 .iram1.1       0x00000000400829d4       0x54 /home/rogerio/esp/gps_fona808/build/soc/libsoc.a(cpu_util.o)
                0x00000000400829d4                esp_cpu_unstall
 .iram1.2       0x0000000040082a28       0x21 /home/rogerio/esp/gps_fona808/build/soc/libsoc.a(cpu_util.o)
                0x0000000040082a28                esp_cpu_reset
 *fill*         0x0000000040082a49        0x3 
 .iram1.3       0x0000000040082a4c        0xe /home/rogerio/esp/gps_fona808/build/soc/libsoc.a(cpu_util.o)
                0x0000000040082a4c                esp_cpu_in_ocd_debug_mode
 *fill*         0x0000000040082a5a        0x2 
 .iram1.28      0x0000000040082a5c       0x64 /home/rogerio/esp/gps_fona808/build/spi_flash/libspi_flash.a(cache_utils.o)
                                         0x6c (size before relaxing)
 .iram1.22      0x0000000040082ac0       0x43 /home/rogerio/esp/gps_fona808/build/spi_flash/libspi_flash.a(cache_utils.o)
                                         0x4f (size before relaxing)
                0x0000000040082ac0                spi_flash_op_block_func
 *fill*         0x0000000040082b03        0x1 
 .iram1.27      0x0000000040082b04       0x66 /home/rogerio/esp/gps_fona808/build/spi_flash/libspi_flash.a(cache_utils.o)
                                         0x6e (size before relaxing)
 *fill*         0x0000000040082b6a        0x2 
 .iram1.23      0x0000000040082b6c       0xde /home/rogerio/esp/gps_fona808/build/spi_flash/libspi_flash.a(cache_utils.o)
                                        0x10a (size before relaxing)
                0x0000000040082b6c                spi_flash_disable_interrupts_caches_and_other_cpu
 *fill*         0x0000000040082c4a        0x2 
 .iram1.24      0x0000000040082c4c       0x8e /home/rogerio/esp/gps_fona808/build/spi_flash/libspi_flash.a(cache_utils.o)
                                         0xa6 (size before relaxing)
                0x0000000040082c4c                spi_flash_enable_interrupts_caches_and_other_cpu
 *fill*         0x0000000040082cda        0x2 
 .iram1.29      0x0000000040082cdc       0x24 /home/rogerio/esp/gps_fona808/build/spi_flash/libspi_flash.a(cache_utils.o)
                                         0x28 (size before relaxing)
                0x0000000040082cdc                spi_flash_cache_enabled
 .iram1.22      0x0000000040082d00        0xa /home/rogerio/esp/gps_fona808/build/spi_flash/libspi_flash.a(flash_ops.o)
                0x0000000040082d00                spi_flash_guard_set
 *fill*         0x0000000040082d0a        0x2 
 .iram1.22      0x0000000040082d0c       0x24 /home/rogerio/esp/gps_fona808/build/spi_flash/libspi_flash.a(flash_mmap.o)
 .iram1.21      0x0000000040082d30       0x83 /home/rogerio/esp/gps_fona808/build/spi_flash/libspi_flash.a(flash_mmap.o)
                                         0x87 (size before relaxing)
 *fill*         0x0000000040082db3        0x1 
 .iram1.27      0x0000000040082db4       0x17 /home/rogerio/esp/gps_fona808/build/spi_flash/libspi_flash.a(flash_mmap.o)
                                         0x1f (size before relaxing)
 *fill*         0x0000000040082dcb        0x1 
 .iram1.30      0x0000000040082dcc       0x82 /home/rogerio/esp/gps_fona808/build/spi_flash/libspi_flash.a(flash_mmap.o)
                                         0x8e (size before relaxing)
 *fill*         0x0000000040082e4e        0x2 
 .iram1.24      0x0000000040082e50      0x246 /home/rogerio/esp/gps_fona808/build/spi_flash/libspi_flash.a(flash_mmap.o)
                                        0x266 (size before relaxing)
                0x0000000040082e50                spi_flash_mmap_pages
 *fill*         0x0000000040083096        0x2 
 .iram1.23      0x0000000040083098       0x71 /home/rogerio/esp/gps_fona808/build/spi_flash/libspi_flash.a(flash_mmap.o)
                0x0000000040083098                spi_flash_mmap
 *fill*         0x0000000040083109        0x3 
 .iram1.25      0x000000004008310c       0xa2 /home/rogerio/esp/gps_fona808/build/spi_flash/libspi_flash.a(flash_mmap.o)
                                         0xa6 (size before relaxing)
                0x000000004008310c                spi_flash_munmap
 *fill*         0x00000000400831ae        0x0 
 *fill*         0x00000000400831ae        0x0 
 *fill*         0x00000000400831ae        0x0 
 *fill*         0x00000000400831ae        0x0 
 *fill*         0x00000000400831ae        0x0 
 *fill*         0x00000000400831ae        0x0 
 *fill*         0x00000000400831ae        0x0 
 *fill*         0x00000000400831ae        0x0 
 *fill*         0x00000000400831ae        0x0 
 *fill*         0x00000000400831ae        0x0 
 *fill*         0x00000000400831ae        0x0 
 *fill*         0x00000000400831ae        0x0 
 *fill*         0x00000000400831ae        0x0 
 *fill*         0x00000000400831ae        0x0 
 *fill*         0x00000000400831ae        0x0 
 *fill*         0x00000000400831ae        0x0 
 *fill*         0x00000000400831ae        0x0 
 *fill*         0x00000000400831ae        0x0 
 *fill*         0x00000000400831ae        0x0 
 *fill*         0x00000000400831ae        0x2 
 .iram1.0       0x00000000400831b0       0x20 /home/rogerio/esp/gps_fona808/build/esp32/libesp32.a(dbg_stubs.o)
 *fill*         0x00000000400831d0        0x0 
 *fill*         0x00000000400831d0        0x0 
 *fill*         0x00000000400831d0        0x0 
 *fill*         0x00000000400831d0        0x0 
 *fill*         0x00000000400831d0        0x0 
 *fill*         0x00000000400831d0        0x0 
 .iram1         0x00000000400831d0       0x2e /home/rogerio/esp/gps_fona808/build/freertos/libfreertos.a(xtensa_vector_defaults.o)
                0x00000000400831d0                xt_debugexception
                0x00000000400831f0                xt_highint5
                0x00000000400831f8                _xt_nmi
                0x00000000400831f8                xt_nmi
 *fill*         0x00000000400831fe        0x0 
 *fill*         0x00000000400831fe        0x0 
 *fill*         0x00000000400831fe        0x0 
 *fill*         0x00000000400831fe        0x0 
 *fill*         0x00000000400831fe        0x0 
 *fill*         0x00000000400831fe        0x0 
 *fill*         0x00000000400831fe        0x0 
 *fill*         0x00000000400831fe        0x0 
 *fill*         0x00000000400831fe        0x0 
 *fill*         0x00000000400831fe        0x0 
 *fill*         0x00000000400831fe        0x0 
 *fill*         0x00000000400831fe        0x0 
 *fill*         0x00000000400831fe        0x0 
 *fill*         0x00000000400831fe        0x0 
 *fill*         0x00000000400831fe        0x0 
 *fill*         0x00000000400831fe        0x0 
 *fill*         0x00000000400831fe        0x0 
 *fill*         0x00000000400831fe        0x0 
 *fill*         0x00000000400831fe        0x0 
 *fill*         0x00000000400831fe        0x0 
 *fill*         0x00000000400831fe        0x0 
 *fill*         0x00000000400831fe        0x0 
 *fill*         0x00000000400831fe        0x0 
 *fill*         0x00000000400831fe        0x0 
 *fill*         0x00000000400831fe        0x0 
 *fill*         0x00000000400831fe        0x0 
 *fill*         0x00000000400831fe        0x0 
 *fill*         0x00000000400831fe        0x0 
 *fill*         0x00000000400831fe        0x0 
 *fill*         0x00000000400831fe        0x0 
 *fill*         0x00000000400831fe        0x0 
 *fill*         0x00000000400831fe        0x0 
 *fill*         0x00000000400831fe        0x0 
 *libspi_flash.a:spi_flash_rom_patch.*(.literal .literal.* .text .text.*)
 *libesp_ringbuf.a:(.literal .literal.* .text .text.*)
 *fill*         0x00000000400831fe        0x2 
 .text.prvReturnItemByteBuf
                0x0000000040083200       0x4c /home/rogerio/esp/gps_fona808/build/esp_ringbuf/libesp_ringbuf.a(ringbuf.o)
                                         0x4f (size before relaxing)
 *fill*         0x000000004008324c        0x0 
 .text.prvGetItemByteBuf
                0x000000004008324c       0xd7 /home/rogerio/esp/gps_fona808/build/esp_ringbuf/libesp_ringbuf.a(ringbuf.o)
                                         0xdb (size before relaxing)
 *fill*         0x0000000040083323        0x1 
 .text.prvCheckItemFitsByteBuffer
                0x0000000040083324       0x65 /home/rogerio/esp/gps_fona808/build/esp_ringbuf/libesp_ringbuf.a(ringbuf.o)
 *fill*         0x0000000040083389        0x3 
 .text.prvReturnItemDefault
                0x000000004008338c      0x146 /home/rogerio/esp/gps_fona808/build/esp_ringbuf/libesp_ringbuf.a(ringbuf.o)
                                        0x156 (size before relaxing)
 *fill*         0x00000000400834d2        0x2 
 .text.prvGetItemDefault
                0x00000000400834d4      0x146 /home/rogerio/esp/gps_fona808/build/esp_ringbuf/libesp_ringbuf.a(ringbuf.o)
                                        0x152 (size before relaxing)
 *fill*         0x000000004008361a        0x2 
 .text.prvCheckItemFitsDefault
                0x000000004008361c       0xb1 /home/rogerio/esp/gps_fona808/build/esp_ringbuf/libesp_ringbuf.a(ringbuf.o)
 *fill*         0x00000000400836cd        0x3 
 .text.prvGetFreeSize
                0x00000000400836d0       0x3c /home/rogerio/esp/gps_fona808/build/esp_ringbuf/libesp_ringbuf.a(ringbuf.o)
                                         0x40 (size before relaxing)
 .text.prvCopyItemByteBuf
                0x000000004008370c       0x7b /home/rogerio/esp/gps_fona808/build/esp_ringbuf/libesp_ringbuf.a(ringbuf.o)
 *fill*         0x0000000040083787        0x1 
 .text.prvCopyItemAllowSplit
                0x0000000040083788       0xef /home/rogerio/esp/gps_fona808/build/esp_ringbuf/libesp_ringbuf.a(ringbuf.o)
                                         0xf3 (size before relaxing)
 *fill*         0x0000000040083877        0x1 
 .text.prvCopyItemNoSplit
                0x0000000040083878       0xbc /home/rogerio/esp/gps_fona808/build/esp_ringbuf/libesp_ringbuf.a(ringbuf.o)
 .text.prvReceiveGeneric
                0x0000000040083934      0x128 /home/rogerio/esp/gps_fona808/build/esp_ringbuf/libesp_ringbuf.a(ringbuf.o)
                                        0x13c (size before relaxing)
 .text.prvReceiveGenericFromISR
                0x0000000040083a5c       0xd9 /home/rogerio/esp/gps_fona808/build/esp_ringbuf/libesp_ringbuf.a(ringbuf.o)
                                         0xe5 (size before relaxing)
 *fill*         0x0000000040083b35        0x3 
 .text.xRingbufferCreate
                0x0000000040083b38      0x131 /home/rogerio/esp/gps_fona808/build/esp_ringbuf/libesp_ringbuf.a(ringbuf.o)
                                        0x140 (size before relaxing)
                0x0000000040083b38                xRingbufferCreate
 *fill*         0x0000000040083c69        0x3 
 .text.xRingbufferSend
                0x0000000040083c6c       0xfd /home/rogerio/esp/gps_fona808/build/esp_ringbuf/libesp_ringbuf.a(ringbuf.o)
                                        0x111 (size before relaxing)
                0x0000000040083c6c                xRingbufferSend
 *fill*         0x0000000040083d69        0x3 
 .text.xRingbufferSendFromISR
                0x0000000040083d6c       0xb6 /home/rogerio/esp/gps_fona808/build/esp_ringbuf/libesp_ringbuf.a(ringbuf.o)
                                         0xc6 (size before relaxing)
                0x0000000040083d6c                xRingbufferSendFromISR
 *fill*         0x0000000040083e22        0x2 
 .text.xRingbufferReceive
                0x0000000040083e24       0x45 /home/rogerio/esp/gps_fona808/build/esp_ringbuf/libesp_ringbuf.a(ringbuf.o)
                0x0000000040083e24                xRingbufferReceive
 *fill*         0x0000000040083e69        0x3 
 .text.xRingbufferReceiveFromISR
                0x0000000040083e6c       0x41 /home/rogerio/esp/gps_fona808/build/esp_ringbuf/libesp_ringbuf.a(ringbuf.o)
                0x0000000040083e6c                xRingbufferReceiveFromISR
 *fill*         0x0000000040083ead        0x3 
 .text.vRingbufferReturnItem
                0x0000000040083eb0       0x5a /home/rogerio/esp/gps_fona808/build/esp_ringbuf/libesp_ringbuf.a(ringbuf.o)
                                         0x66 (size before relaxing)
                0x0000000040083eb0                vRingbufferReturnItem
 *fill*         0x0000000040083f0a        0x2 
 .text.vRingbufferReturnItemFromISR
                0x0000000040083f0c       0x56 /home/rogerio/esp/gps_fona808/build/esp_ringbuf/libesp_ringbuf.a(ringbuf.o)
                                         0x62 (size before relaxing)
                0x0000000040083f0c                vRingbufferReturnItemFromISR
 *fill*         0x0000000040083f62        0x2 
 .text.vRingbufferDelete